Microchip MPLAB XC8 Compiler V1.38 ()

Linker command line:

--edf=C:\Program Files (x86)\Microchip\xc8\v1.38\dat\en_msgs.txt -cs \
  -h+dist/default/production\iRobot.X.production.sym \
  --cmf=dist/default/production\iRobot.X.production.cmf -z -Q16F877A \
  -oC:\Users\Jason\AppData\Local\Temp\s2rk.2 \
  -Mdist/default/production/iRobot.X.production.map -E1 -ver=XC8 \
  -ASTACK=0110h-016fh -pstack=STACK -ACODE=00h-07FFhx4 -ASTRCODE=00h-01FFFh \
  -ASTRING=00h-0FFhx32 -ACONST=00h-0FFhx32 -AENTRY=00h-0FFhx32 \
  -ACOMMON=070h-07Fh -ABANK0=020h-06Fh -ABANK1=0A0h-0EFh \
  -ABANK2=0110h-016Fh -ABANK3=0190h-01EFh \
  -ARAM=020h-06Fh,0A0h-0EFh,0110h-016Fh,0190h-01EFh \
  -AABS1=020h-07Fh,0A0h-0EFh,0110h-016Fh,0190h-01EFh -ASFR0=00h-01Fh \
  -ASFR1=080h-09Fh -ASFR2=0100h-010Fh -ASFR3=0180h-018Fh \
  -preset_vec=00h,intentry=04h,init,end_init -ppowerup=CODE -pcinit=CODE \
  -pfunctab=CODE -ACONFIG=02007h-02007h -pconfig=CONFIG -DCONFIG=2 \
  -AIDLOC=02000h-02003h -pidloc=IDLOC -DIDLOC=2 -AEEDATA=00h-0FFh/02100h \
  -peeprom_data=EEDATA -DEEDATA=2 -DCODE=2 -DSTRCODE=2 -DSTRING=2 -DCONST=2 \
  -DENTRY=2 -k C:\Users\Jason\AppData\Local\Temp\s2rk.obj \
  dist/default/production\iRobot.X.production.obj 

Object code version is 3.11

Machine type is 16F877A



                Name                               Link     Load   Length Selector   Space Scale
C:\Users\Jason\AppData\Local\Temp\s2rk.obj
                end_init                             12       12        3        8       0
                reset_vec                             0        0        3        0       0
                config                             2007     2007        1     400E       0
dist/default/production\iRobot.X.production.obj
                cinit                                15       15       24        8       0
                intentry                              4        4        E        8       0
                text23                              7C5      7C5       32        8       0
                text22                              F32      F32       41     1E64       0
                text21                              6F1      6F1       8F        8       0
                text20                              EB6      EB6       3E     1D6C       0
                text19                              E12      E12       23     1C24       0
                text18                               39       39      38D        8       0
                text17                              780      780       45        8       0
                text16                              DB0      DB0       14     1B60       0
                text15                              7F7      7F7        9        8       0
                text14                              D9D      D9D       13     1B3A       0
                text13                              65A      65A       97        8       0
                text12                              DF2      DF2       20     1BE4       0
                text11                              D73      D73        C     1AE6       0
                text10                              F73      F73       8D     1EE6       0
                text9                               D69      D69        A     1AD2       0
                text8                               EF4      EF4       3E     1DE8       0
                text7                               D7F      D7F        F     1AFE       0
                text6                               E35      E35       27     1C6A       0
                text5                               E85      E85       31     1D0A       0
                text4                               D8E      D8E        F     1B1C       0
                text3                               DC4      DC4       16     1B88       0
                text2                               E5C      E5C       29     1CB8       0
                text1                               DDA      DDA       18     1BB4       0
                maintext                            3C6      3C6      294        8       0
                cstackBANK0                          20       20       36       20       1
                cstackCOMMON                         70       70        B       70       1
                clrtext                             D61      D61        8     1AC2       0
                dataBANK1                            B2       B2        2       A0       1
                bssBANK1                             A0       A0       12       A0       1
                bssBANK0                             56       56       1A       20       1
                bssCOMMON                            7B       7B        2       70       1
                bitbssCOMMON                        3E8       7D        1       70       1     8
                idataBANK1                          D5F      D5F        2     1ABE       0

TOTAL           Name                               Link     Load   Length     Space
        CLASS   STACK          

        CLASS   CODE           
                end_init                             12       12        3         0
                cinit                                15       15       24         0
                intentry                              4        4        E         0
                reset_vec                             0        0        3         0
                text23                              7C5      7C5       32         0
                text22                              F32      F32       41         0
                text21                              6F1      6F1       8F         0
                text20                              EB6      EB6       3E         0
                text19                              E12      E12       23         0
                text18                               39       39      38D         0
                text17                              780      780       45         0
                text16                              DB0      DB0       14         0
                text15                              7F7      7F7        9         0
                text14                              D9D      D9D       13         0
                text13                              65A      65A       97         0
                text12                              DF2      DF2       20         0
                text11                              D73      D73        C         0
                text10                              F73      F73       8D         0
                text9                               D69      D69        A         0
                text8                               EF4      EF4       3E         0
                text7                               D7F      D7F        F         0
                text6                               E35      E35       27         0
                text5                               E85      E85       31         0
                text4                               D8E      D8E        F         0
                text3                               DC4      DC4       16         0
                text2                               E5C      E5C       29         0
                text1                               DDA      DDA       18         0
                maintext                            3C6      3C6      294         0
                clrtext                             D61      D61        8         0
                idataBANK1                          D5F      D5F        2         0

        CLASS   STRCODE        

        CLASS   STRING         

        CLASS   CONST          

        CLASS   ENTRY          

        CLASS   COMMON         
                cstackCOMMON                         70       70        B         1
                bssCOMMON                            7B       7B        2         1
                bitbssCOMMON                        3E8       7D        1         1

        CLASS   BANK0          
                cstackBANK0                          20       20       36         1
                bssBANK0                             56       56       1A         1

        CLASS   BANK1          
                dataBANK1                            B2       B2        2         1
                bssBANK1                             A0       A0       12         1

        CLASS   BANK2          

        CLASS   BANK3          

        CLASS   RAM            

        CLASS   ABS1           
                abs_s1                               7E       7E        2         1

        CLASS   SFR0           

        CLASS   SFR1           

        CLASS   SFR2           

        CLASS   SFR3           

        CLASS   CONFIG         
                config                             2007     2007        1         0

        CLASS   IDLOC          

        CLASS   EEDATA         



SEGMENTS        Name                           Load    Length   Top    Selector   Space  Class     Delta

                reset_vec                      000000  000003  000003         0       0  CODE        2
                intentry                       000004  0007FC  000800         8       0  CODE        2
                cstackBANK0                    000020  000050  000070        20       1  BANK0       1
                cstackCOMMON                   000070  00000E  00007E        70       1  COMMON      1
                bssBANK1                       0000A0  000014  0000B4        A0       1  BANK1       1
                idataBANK1                     000D5F  000002  000D61      1ABE       0  CODE        2
                clrtext                        000D61  000008  000D69      1AC2       0  CODE        2
                text9                          000D69  00000A  000D73      1AD2       0  CODE        2
                text11                         000D73  00000C  000D7F      1AE6       0  CODE        2
                text7                          000D7F  00000F  000D8E      1AFE       0  CODE        2
                text4                          000D8E  00000F  000D9D      1B1C       0  CODE        2
                text14                         000D9D  000013  000DB0      1B3A       0  CODE        2
                text16                         000DB0  000014  000DC4      1B60       0  CODE        2
                text3                          000DC4  000016  000DDA      1B88       0  CODE        2
                text1                          000DDA  000018  000DF2      1BB4       0  CODE        2
                text12                         000DF2  000020  000E12      1BE4       0  CODE        2
                text19                         000E12  000023  000E35      1C24       0  CODE        2
                text6                          000E35  000027  000E5C      1C6A       0  CODE        2
                text2                          000E5C  000029  000E85      1CB8       0  CODE        2
                text5                          000E85  000031  000EB6      1D0A       0  CODE        2
                text20                         000EB6  00003E  000EF4      1D6C       0  CODE        2
                text8                          000EF4  00003E  000F32      1DE8       0  CODE        2
                text22                         000F32  000041  000F73      1E64       0  CODE        2
                text10                         000F73  00008D  001000      1EE6       0  CODE        2
                config                         002007  000001  002008      400E       0  CONFIG      2


UNUSED ADDRESS RANGES

        Name                Unused          Largest block    Delta
        BANK1            00B4-00EF             3C           1
        BANK2            0110-016F             60           1
        BANK3            0190-01EF             60           1
        CODE             0003-0003              1           2
                         0800-0D5E            55F
                         1000-1FFF            800
        CONST            0003-0003              1           2
                         0800-0D5E            100
                         1000-1FFF            100
        EEDATA           2100-21FF            100           2
        ENTRY            0003-0003              1           2
                         0800-0D5E            100
                         1000-1FFF            100
        IDLOC            2000-2003              4           2
        RAM              00B4-00EF             3C           1
                         0110-016F             60
                         0190-01EF             60
        SFR0             0000-001F             20           1
        SFR1             0080-009F             20           1
        SFR2             0100-010F             10           1
        SFR3             0180-018F             10           1
        STACK            0110-016F             60           1
        STRCODE          0003-0003              1           2
                         0800-0D5E            55F
                         1000-1FFF           1000
        STRING           0003-0003              1           2
                         0800-0D5E            100
                         1000-1FFF            100

                                  Symbol Table

?___aldiv                       cstackBANK0  0026
?___lwdiv                       cstackBANK0  0026
?___lwmod                       cstackCOMMON 0070
?___wmul                        cstackBANK0  0020
?_getSensorData                 cstackBANK0  0022
DriveDirect@VelocityLeft        cstackBANK0  0023
DriveDirect@VelocityRight       cstackBANK0  0021
DriveDirect@data                cstackBANK0  0026
DriveDirect@data_247            cstackBANK0  0028
_ADCMain                        text12       0DF2
_ADCON0                         (abs)        001F
_ADCON1                         (abs)        009F
_ADRESH                         (abs)        001E
_ADRESL                         (abs)        009E
_Distance                       bssBANK1     00A0
_DriveDirect                    text10       0F73
_FLAG_1000MS                    bitbssCOMMON 03E8
_GIE                            (abs)        005F
_GO                             (abs)        00FA
_LeftSpeedH                     bssBANK0     0060
_LeftSpeedL                     bssBANK0     0061
_OPTION_REG                     (abs)        0081
_PB6Counter                     bssBANK0     0062
_PB7Counter                     bssBANK0     0063
_PB8Counter                     bssBANK0     0064
_PEIE                           (abs)        005E
_PORTA                          (abs)        0005
_PORTC                          (abs)        0007
_PORTD                          (abs)        0008
_PORTE                          (abs)        0009
_RB0                            (abs)        0030
_RB1                            (abs)        0031
_RB2                            (abs)        0032
_RB4                            (abs)        0034
_RC0                            (abs)        0038
_RC1                            (abs)        0039
_RC2                            (abs)        003A
_RCIF                           (abs)        0065
_RCREG                          (abs)        001A
_RCSTA                          (abs)        0018
_RE0                            (abs)        0048
_RE1                            (abs)        0049
_RE2                            (abs)        004A
_RightSpeedH                    bssBANK0     0065
_RightSpeedL                    bssBANK0     0066
_SPBRG                          (abs)        0099
_SSPBUF                         (abs)        0013
_SSPCON                         (abs)        0014
_SSPIF                          (abs)        0063
_SSPSTAT                        (abs)        0094
_TMR0                           (abs)        0001
_TMR0IE                         (abs)        005D
_TMR0IF                         (abs)        005A
_TRISA                          (abs)        0085
_TRISB                          (abs)        0086
_TRISC                          (abs)        0087
_TRISD                          (abs)        0088
_TRISE                          (abs)        0089
_TRMT                           (abs)        04C1
_TXREG                          (abs)        0019
_TXSTA                          (abs)        0098
__CFG_BOREN$OFF                 (abs)        0000
__CFG_CP$OFF                    (abs)        0000
__CFG_CPD$OFF                   (abs)        0000
__CFG_FOSC$HS                   (abs)        0000
__CFG_LVP$OFF                   (abs)        0000
__CFG_PWRTE$OFF                 (abs)        0000
__CFG_WDTE$OFF                  (abs)        0000
__CFG_WRT$OFF                   (abs)        0000
__Habs1                         abs1         0000
__Hbank0                        bank0        0000
__Hbank1                        bank1        0000
__Hbank2                        bank2        0000
__Hbank3                        bank3        0000
__HbitbssCOMMON                 bitbssCOMMON 0000
__HbssBANK0                     bssBANK0     0000
__HbssBANK1                     bssBANK1     0000
__HbssCOMMON                    bssCOMMON    0000
__Hcinit                        cinit        0039
__Hclrtext                      clrtext      0000
__Hcode                         code         0000
__Hcommon                       common       0000
__Hconfig                       config       2008
__HcstackBANK0                  cstackBANK0  0000
__HcstackCOMMON                 cstackCOMMON 0000
__HdataBANK1                    dataBANK1    0000
__Heeprom_data                  eeprom_data  0000
__Hend_init                     end_init     0015
__Hfunctab                      functab      0000
__HidataBANK1                   idataBANK1   0000
__Hidloc                        idloc        0000
__Hinit                         init         0012
__Hintentry                     intentry     0012
__Hmaintext                     maintext     0000
__Hpowerup                      powerup      0000
__Hram                          ram          0000
__Hreset_vec                    reset_vec    0003
__Hsfr0                         sfr0         0000
__Hsfr1                         sfr1         0000
__Hsfr2                         sfr2         0000
__Hsfr3                         sfr3         0000
__Hspace_0                      (abs)        2008
__Hspace_1                      (abs)        03E9
__Hspace_2                      (abs)        0000
__Hspace_3                      (abs)        0000
__Hstack                        stack        0000
__Hstrings                      strings      0000
__Htext                         text         0000
__Labs1                         abs1         0000
__Lbank0                        bank0        0000
__Lbank1                        bank1        0000
__Lbank2                        bank2        0000
__Lbank3                        bank3        0000
__LbitbssCOMMON                 bitbssCOMMON 0000
__LbssBANK0                     bssBANK0     0000
__LbssBANK1                     bssBANK1     0000
__LbssCOMMON                    bssCOMMON    0000
__Lcinit                        cinit        0015
__Lclrtext                      clrtext      0000
__Lcode                         code         0000
__Lcommon                       common       0000
__Lconfig                       config       2007
__LcstackBANK0                  cstackBANK0  0000
__LcstackCOMMON                 cstackCOMMON 0000
__LdataBANK1                    dataBANK1    0000
__Leeprom_data                  eeprom_data  0000
__Lend_init                     end_init     0012
__Lfunctab                      functab      0000
__LidataBANK1                   idataBANK1   0000
__Lidloc                        idloc        0000
__Linit                         init         0012
__Lintentry                     intentry     0004
__Lmaintext                     maintext     0000
__Lpowerup                      powerup      0000
__Lram                          ram          0000
__Lreset_vec                    reset_vec    0000
__Lsfr0                         sfr0         0000
__Lsfr1                         sfr1         0000
__Lsfr2                         sfr2         0000
__Lsfr3                         sfr3         0000
__Lspace_0                      (abs)        0000
__Lspace_1                      (abs)        0000
__Lspace_2                      (abs)        0000
__Lspace_3                      (abs)        0000
__Lstack                        stack        0000
__Lstrings                      strings      0000
__Ltext                         text         0000
__S0                            (abs)        2008
__S1                            (abs)        00B4
__S2                            (abs)        0000
__S3                            (abs)        0000
___aldiv                        text21       06F1
___aldiv@counter                cstackBANK0  002F
___aldiv@dividend               cstackBANK0  002A
___aldiv@divisor                cstackBANK0  0026
___aldiv@quotient               cstackBANK0  0031
___aldiv@sign                   cstackBANK0  0030
___int_sp                       stack        0000
___latbits                      (abs)        0002
___lwdiv                        text20       0EB6
___lwdiv@counter                cstackBANK0  002D
___lwdiv@dividend               cstackBANK0  0028
___lwdiv@divisor                cstackBANK0  0026
___lwdiv@quotient               cstackBANK0  002B
___lwmod                        text23       07C5
___lwmod@counter                cstackCOMMON 0075
___lwmod@dividend               cstackCOMMON 0072
___lwmod@divisor                cstackCOMMON 0070
___sp                           stack        0000
___wmul                         text19       0E12
___wmul@multiplicand            cstackBANK0  0022
___wmul@multiplier              cstackBANK0  0020
___wmul@product                 cstackBANK0  0024
__end_of_ADCMain                text12       0E12
__end_of_DriveDirect            text10       1000
__end_of___aldiv                text21       0780
__end_of___lwdiv                text20       0EF4
__end_of___lwmod                text23       07F7
__end_of___wmul                 text19       0E35
__end_of__initialization        cinit        0035
__end_of_adcConvertMM           text18       03C6
__end_of_getADC                 text17       07C5
__end_of_getSensorData          text8        0F32
__end_of_initWallFollow         text5        0EB6
__end_of_isr                    text22       0F73
__end_of_lcdSetCursor           text15       0800
__end_of_lcdWriteControl        text16       0DC4
__end_of_lcdWriteData           text14       0DB0
__end_of_lcdWriteToDigitBCD     text13       06F1
__end_of_main                   maintext     065A
__end_of_ser_getch              text9        0D73
__end_of_ser_init               text4        0D9D
__end_of_ser_putch              text11       0D7F
__end_of_setCCW                 text6        0E5C
__end_of_setupADC               text3        0DDA
__end_of_setupLCD               text2        0E85
__end_of_setupSPI               text1        0DF2
__end_of_spi_transfer           text7        0D8E
__initialization                cinit        0015
__pbitbssCOMMON                 bitbssCOMMON 03E8
__pbssBANK0                     bssBANK0     0056
__pbssBANK1                     bssBANK1     00A0
__pbssCOMMON                    bssCOMMON    007B
__pcstackBANK0                  cstackBANK0  0020
__pcstackCOMMON                 cstackCOMMON 0070
__pdataBANK1                    dataBANK1    00B2
__pidataBANK1                   idataBANK1   0D5F
__pintentry                     intentry     0004
__pmaintext                     maintext     03C6
__ptext1                        text1        0DDA
__ptext10                       text10       0F73
__ptext11                       text11       0D73
__ptext12                       text12       0DF2
__ptext13                       text13       065A
__ptext14                       text14       0D9D
__ptext15                       text15       07F7
__ptext16                       text16       0DB0
__ptext17                       text17       0780
__ptext18                       text18       0039
__ptext19                       text19       0E12
__ptext2                        text2        0E5C
__ptext20                       text20       0EB6
__ptext21                       text21       06F1
__ptext22                       text22       0F32
__ptext23                       text23       07C5
__ptext3                        text3        0DC4
__ptext4                        text4        0D8E
__ptext5                        text5        0E85
__ptext6                        text6        0E35
__ptext7                        text7        0D7F
__ptext8                        text8        0EF4
__ptext9                        text9        0D69
__size_of_ADCMain               (abs)        0000
__size_of_DriveDirect           (abs)        0000
__size_of___aldiv               (abs)        0000
__size_of___lwdiv               (abs)        0000
__size_of___lwmod               (abs)        0000
__size_of___wmul                (abs)        0000
__size_of_adcConvertMM          (abs)        0000
__size_of_getADC                (abs)        0000
__size_of_getSensorData         (abs)        0000
__size_of_initWallFollow        (abs)        0000
__size_of_isr                   (abs)        0000
__size_of_lcdSetCursor          (abs)        0000
__size_of_lcdWriteControl       (abs)        0000
__size_of_lcdWriteData          (abs)        0000
__size_of_lcdWriteToDigitBCD    (abs)        0000
__size_of_main                  (abs)        0000
__size_of_ser_getch             (abs)        0000
__size_of_ser_init              (abs)        0000
__size_of_ser_putch             (abs)        0000
__size_of_setCCW                (abs)        0000
__size_of_setupADC              (abs)        0000
__size_of_setupLCD              (abs)        0000
__size_of_setupSPI              (abs)        0000
__size_of_spi_transfer          (abs)        0000
_adcClosest                     dataBANK1    00B2
_adcConvertMM                   text18       0039
_adcRAW                         bssBANK0     0056
_degrees                        bssBANK1     00A8
_distTrav                       bssBANK0     0058
_getADC                         text17       0780
_getSensorData                  text8        0EF4
_highByte                       bssBANK0     006F
_initWallFollow                 text5        0E85
_isr                            text22       0F32
_lcdSetCursor                   text15       07F7
_lcdWriteControl                text16       0DB0
_lcdWriteData                   text14       0D9D
_lcdWriteToDigitBCD             text13       065A
_loop                           bssBANK0     005A
_lowByte                        bssBANK0     006A
_main                           maintext     03C6
_ser_getch                      text9        0D69
_ser_init                       text4        0D8E
_ser_putch                      text11       0D73
_setCCW                         text6        0E35
_setupADC                       text3        0DC4
_setupLCD                       text2        0E5C
_setupSPI                       text1        0DDA
_spi_transfer                   text7        0D7F
_stepCountNeg                   bssBANK1     00AE
_time_count                     bssBANK0     005C
_totalDistTrav                  bssBANK0     005E
adcConvertMM@adcRAW             cstackBANK0  0035
btemp                           (abs)        007E
clear_ram0                      clrtext      0D61
end_of_initialization           cinit        0035
getSensorData@bytes             cstackBANK0  0022
getSensorData@packetID          cstackBANK0  0028
getSensorData@sensor            cstackBANK0  0026
interrupt_function              intentry     0004
intlevel0                       functab      0000
intlevel1                       functab      0000
intlevel2                       functab      0000
intlevel3                       functab      0000
intlevel4                       functab      0000
intlevel5                       functab      0000
lcdSetCursor@address            cstackBANK0  0023
lcdWriteControl@databyte        cstackBANK0  0022
lcdWriteData@databyte           cstackBANK0  0022
lcdWriteToDigitBCD@HunsDigit    cstackBANK0  0027
lcdWriteToDigitBCD@OnesDigit    cstackBANK0  002D
lcdWriteToDigitBCD@TenThouDigit cstackBANK0  002B
lcdWriteToDigitBCD@TensDigit    cstackBANK0  0025
lcdWriteToDigitBCD@ThouDigit    cstackBANK0  0029
lcdWriteToDigitBCD@data         cstackBANK0  0023
ltemp                           (abs)        007E
ltemp0                          (abs)        007E
ltemp1                          (abs)        0082
ltemp2                          (abs)        0086
ltemp3                          (abs)        0080
main@ADC_ADJUST                 cstackBANK0  0052
main@ADC_CURRENT                cstackBANK0  0043
main@ADJUSTED_SPEED_L           cstackBANK0  0045
main@ADJUSTED_SPEED_R           cstackBANK0  0047
main@CURRENT_SPEED_L            cstackBANK0  004C
main@CURRENT_SPEED_R            cstackBANK0  004E
main@controlByte                cstackBANK0  0049
main@safetyCount                cstackBANK0  0050
main@setADCdist                 cstackBANK0  0054
main@timerLoop                  cstackBANK0  004A
reset_vec                       reset_vec    0000
saved_w                         (abs)        007E
ser_getch@rxbyte                cstackBANK0  0021
ser_putch@c                     cstackBANK0  0020
spi_transfer@data               cstackBANK0  0022
spi_transfer@temp               cstackBANK0  0021
stackhi                         (abs)        0000
stacklo                         (abs)        0000
start                           init         0012
start_initialization            cinit        0015
ttemp                           (abs)        007E
ttemp0                          (abs)        007E
ttemp1                          (abs)        0081
ttemp2                          (abs)        0084
ttemp3                          (abs)        0087
ttemp4                          (abs)        007F
wtemp                           (abs)        007E
wtemp0                          (abs)        007E
wtemp1                          (abs)        0080
wtemp2                          (abs)        0082
wtemp3                          (abs)        0084
wtemp4                          (abs)        0086
wtemp5                          (abs)        0088
wtemp6                          (abs)        007F


FUNCTION INFORMATION:

 *************** function _main *****************
 Defined at:
		line 108 in file "main.c"
 Parameters:    Size  Location     Type
		None
 Auto vars:     Size  Location     Type
  setADCdist      2   52[BANK0 ] unsigned int 
  ADC_ADJUST      2   50[BANK0 ] unsigned int 
  safetyCount     2   48[BANK0 ] unsigned int 
  CURRENT_SPEE    2   46[BANK0 ] unsigned int 
  CURRENT_SPEE    2   44[BANK0 ] unsigned int 
  timerLoop       2   42[BANK0 ] unsigned int 
  ADJUSTED_SPE    2   39[BANK0 ] unsigned int 
  ADJUSTED_SPE    2   37[BANK0 ] unsigned int 
  ADC_CURRENT     2   35[BANK0 ] unsigned int 
  controlByte     1   41[BANK0 ] unsigned char 
 Return value:  Size  Location     Type
                  1    wreg      void 
 Registers used:
		wreg, fsr0l, fsr0h, status,2, status,0, btemp+1, pclath, cstack
 Tracked objects:
		On entry : 
		On exit  : 
		Unchanged: 
 Data sizes:     COMMON   BANK0   BANK1   BANK3   BANK2
      Params:         0       0       0       0       0
      Locals:         0      19       0       0       0
      Temps:          0       4       0       0       0
      Totals:         0      23       0       0       0
Total ram usage:       23 bytes
 Hardware stack levels required when called:    5
 This function calls:
		_ADCMain
		_DriveDirect
		___lwdiv
		___wmul
		_getSensorData
		_initWallFollow
		_lcdSetCursor
		_lcdWriteToDigitBCD
		_ser_init
		_ser_putch
		_setupADC
		_setupLCD
		_setupSPI
		_spi_transfer
 This function is called by:
		Startup code after reset
 This function uses a non-reentrant model


 *************** function _setupSPI *****************
 Defined at:
		line 4 in file "SPI.c"
 Parameters:    Size  Location     Type
		None
 Auto vars:     Size  Location     Type
		None
 Return value:  Size  Location     Type
                  1    wreg      void 
 Registers used:
		wreg, status,2
 Tracked objects:
		On entry : 
		On exit  : 
		Unchanged: 
 Data sizes:     COMMON   BANK0   BANK1   BANK3   BANK2
      Params:         0       0       0       0       0
      Locals:         0       0       0       0       0
      Temps:          0       0       0       0       0
      Totals:         0       0       0       0       0
Total ram usage:        0 bytes
 Hardware stack levels used:    1
 Hardware stack levels required when called:    2
 This function calls:
		Nothing
 This function is called by:
		_main
 This function uses a non-reentrant model


 *************** function _setupLCD *****************
 Defined at:
		line 86 in file "LCD.c"
 Parameters:    Size  Location     Type
		None
 Auto vars:     Size  Location     Type
		None
 Return value:  Size  Location     Type
                  1    wreg      void 
 Registers used:
		wreg, status,2, status,0, pclath, cstack
 Tracked objects:
		On entry : 
		On exit  : 
		Unchanged: 
 Data sizes:     COMMON   BANK0   BANK1   BANK3   BANK2
      Params:         0       0       0       0       0
      Locals:         0       0       0       0       0
      Temps:          0       0       0       0       0
      Totals:         0       0       0       0       0
Total ram usage:        0 bytes
 Hardware stack levels used:    1
 Hardware stack levels required when called:    3
 This function calls:
		_lcdWriteControl
 This function is called by:
		_main
 This function uses a non-reentrant model


 *************** function _setupADC *****************
 Defined at:
		line 8 in file "ADC.c"
 Parameters:    Size  Location     Type
		None
 Auto vars:     Size  Location     Type
		None
 Return value:  Size  Location     Type
                  1    wreg      void 
 Registers used:
		wreg, status,2
 Tracked objects:
		On entry : 
		On exit  : 
		Unchanged: 
 Data sizes:     COMMON   BANK0   BANK1   BANK3   BANK2
      Params:         0       0       0       0       0
      Locals:         0       0       0       0       0
      Temps:          0       1       0       0       0
      Totals:         0       1       0       0       0
Total ram usage:        1 bytes
 Hardware stack levels used:    1
 Hardware stack levels required when called:    2
 This function calls:
		Nothing
 This function is called by:
		_main
 This function uses a non-reentrant model


 *************** function _ser_init *****************
 Defined at:
		line 5 in file "ser.c"
 Parameters:    Size  Location     Type
		None
 Auto vars:     Size  Location     Type
		None
 Return value:  Size  Location     Type
                  1    wreg      void 
 Registers used:
		wreg
 Tracked objects:
		On entry : 
		On exit  : 
		Unchanged: 
 Data sizes:     COMMON   BANK0   BANK1   BANK3   BANK2
      Params:         0       0       0       0       0
      Locals:         0       0       0       0       0
      Temps:          0       0       0       0       0
      Totals:         0       0       0       0       0
Total ram usage:        0 bytes
 Hardware stack levels used:    1
 Hardware stack levels required when called:    2
 This function calls:
		Nothing
 This function is called by:
		_main
 This function uses a non-reentrant model


 *************** function _initWallFollow *****************
 Defined at:
		line 76 in file "main.c"
 Parameters:    Size  Location     Type
		None
 Auto vars:     Size  Location     Type
		None
 Return value:  Size  Location     Type
                  1    wreg      void 
 Registers used:
		wreg, status,2, status,0, btemp+1, pclath, cstack
 Tracked objects:
		On entry : 
		On exit  : 
		Unchanged: 
 Data sizes:     COMMON   BANK0   BANK1   BANK3   BANK2
      Params:         0       0       0       0       0
      Locals:         0       0       0       0       0
      Temps:          0       2       0       0       0
      Totals:         0       2       0       0       0
Total ram usage:        2 bytes
 Hardware stack levels used:    1
 Hardware stack levels required when called:    4
 This function calls:
		_setCCW
 This function is called by:
		_main
 This function uses a non-reentrant model


 *************** function _setCCW *****************
 Defined at:
		line 13 in file "motor.c"
 Parameters:    Size  Location     Type
		None
 Auto vars:     Size  Location     Type
		None
 Return value:  Size  Location     Type
                  1    wreg      void 
 Registers used:
		wreg, status,2, status,0, pclath, cstack
 Tracked objects:
		On entry : 
		On exit  : 
		Unchanged: 
 Data sizes:     COMMON   BANK0   BANK1   BANK3   BANK2
      Params:         0       0       0       0       0
      Locals:         0       0       0       0       0
      Temps:          0       3       0       0       0
      Totals:         0       3       0       0       0
Total ram usage:        3 bytes
 Hardware stack levels used:    1
 Hardware stack levels required when called:    3
 This function calls:
		_spi_transfer
 This function is called by:
		_initWallFollow
 This function uses a non-reentrant model


 *************** function _spi_transfer *****************
 Defined at:
		line 22 in file "SPI.c"
 Parameters:    Size  Location     Type
  data            1    wreg     unsigned char 
 Auto vars:     Size  Location     Type
  data            1    2[BANK0 ] unsigned char 
  temp            1    1[BANK0 ] unsigned char 
 Return value:  Size  Location     Type
                  1    wreg      unsigned char 
 Registers used:
		wreg, status,2
 Tracked objects:
		On entry : 
		On exit  : 
		Unchanged: 
 Data sizes:     COMMON   BANK0   BANK1   BANK3   BANK2
      Params:         0       0       0       0       0
      Locals:         0       2       0       0       0
      Temps:          0       1       0       0       0
      Totals:         0       3       0       0       0
Total ram usage:        3 bytes
 Hardware stack levels used:    1
 Hardware stack levels required when called:    2
 This function calls:
		Nothing
 This function is called by:
		_main
		_setCCW
		_setCW
 This function uses a non-reentrant model


 *************** function _getSensorData *****************
 Defined at:
		line 85 in file "ser.c"
 Parameters:    Size  Location     Type
  packetID        1    wreg     unsigned char 
  bytes           1    2[BANK0 ] unsigned char 
 Auto vars:     Size  Location     Type
  packetID        1    8[BANK0 ] unsigned char 
  sensor          2    6[BANK0 ] int 
 Return value:  Size  Location     Type
                  2    2[BANK0 ] int 
 Registers used:
		wreg, status,2, status,0, btemp+1, pclath, cstack
 Tracked objects:
		On entry : 
		On exit  : 
		Unchanged: 
 Data sizes:     COMMON   BANK0   BANK1   BANK3   BANK2
      Params:         0       2       0       0       0
      Locals:         0       3       0       0       0
      Temps:          0       2       0       0       0
      Totals:         0       7       0       0       0
Total ram usage:        7 bytes
 Hardware stack levels used:    1
 Hardware stack levels required when called:    3
 This function calls:
		_ser_getch
		_ser_putch
 This function is called by:
		_main
 This function uses a non-reentrant model


 *************** function _ser_getch *****************
 Defined at:
		line 35 in file "ser.c"
 Parameters:    Size  Location     Type
		None
 Auto vars:     Size  Location     Type
  rxbyte          1    1[BANK0 ] unsigned char 
 Return value:  Size  Location     Type
                  1    wreg      unsigned char 
 Registers used:
		wreg
 Tracked objects:
		On entry : 
		On exit  : 
		Unchanged: 
 Data sizes:     COMMON   BANK0   BANK1   BANK3   BANK2
      Params:         0       0       0       0       0
      Locals:         0       1       0       0       0
      Temps:          0       1       0       0       0
      Totals:         0       2       0       0       0
Total ram usage:        2 bytes
 Hardware stack levels used:    1
 Hardware stack levels required when called:    2
 This function calls:
		Nothing
 This function is called by:
		_getSensorData
 This function uses a non-reentrant model


 *************** function _DriveDirect *****************
 Defined at:
		line 54 in file "ser.c"
 Parameters:    Size  Location     Type
  VelocityRigh    2    1[BANK0 ] int 
  VelocityLeft    2    3[BANK0 ] int 
 Auto vars:     Size  Location     Type
  data            2    8[BANK0 ] unsigned int 
  data            2    6[BANK0 ] unsigned int 
 Return value:  Size  Location     Type
                  1    wreg      void 
 Registers used:
		wreg, status,2, status,0, btemp+1, pclath, cstack
 Tracked objects:
		On entry : 
		On exit  : 
		Unchanged: 
 Data sizes:     COMMON   BANK0   BANK1   BANK3   BANK2
      Params:         0       4       0       0       0
      Locals:         0       4       0       0       0
      Temps:          0       1       0       0       0
      Totals:         0       9       0       0       0
Total ram usage:        9 bytes
 Hardware stack levels used:    1
 Hardware stack levels required when called:    3
 This function calls:
		_ser_putch
 This function is called by:
		_main
 This function uses a non-reentrant model


 *************** function _ser_putch *****************
 Defined at:
		line 30 in file "ser.c"
 Parameters:    Size  Location     Type
  c               1    wreg     unsigned char 
 Auto vars:     Size  Location     Type
  c               1    0[BANK0 ] unsigned char 
 Return value:  Size  Location     Type
                  1    wreg      void 
 Registers used:
		wreg
 Tracked objects:
		On entry : 
		On exit  : 
		Unchanged: 
 Data sizes:     COMMON   BANK0   BANK1   BANK3   BANK2
      Params:         0       0       0       0       0
      Locals:         0       1       0       0       0
      Temps:          0       0       0       0       0
      Totals:         0       1       0       0       0
Total ram usage:        1 bytes
 Hardware stack levels used:    1
 Hardware stack levels required when called:    2
 This function calls:
		Nothing
 This function is called by:
		_main
		_DriveDirect
		_getSensorData
		_Drive
 This function uses a non-reentrant model


 *************** function _ADCMain *****************
 Defined at:
		line 19 in file "ADC.c"
 Parameters:    Size  Location     Type
		None
 Auto vars:     Size  Location     Type
		None
 Return value:  Size  Location     Type
                  1    wreg      void 
 Registers used:
		wreg, fsr0l, fsr0h, status,2, status,0, pclath, cstack
 Tracked objects:
		On entry : 
		On exit  : 
		Unchanged: 
 Data sizes:     COMMON   BANK0   BANK1   BANK3   BANK2
      Params:         0       0       0       0       0
      Locals:         0       0       0       0       0
      Temps:          0       0       0       0       0
      Totals:         0       0       0       0       0
Total ram usage:        0 bytes
 Hardware stack levels used:    1
 Hardware stack levels required when called:    4
 This function calls:
		_adcConvertMM
		_getADC
		_lcdSetCursor
		_lcdWriteToDigitBCD
 This function is called by:
		_main
 This function uses a non-reentrant model


 *************** function _lcdWriteToDigitBCD *****************
 Defined at:
		line 42 in file "LCD.c"
 Parameters:    Size  Location     Type
  data            2    3[BANK0 ] unsigned int 
 Auto vars:     Size  Location     Type
  OnesDigit       2   13[BANK0 ] unsigned int 
  TenThouDigit    2   11[BANK0 ] unsigned int 
  ThouDigit       2    9[BANK0 ] unsigned int 
  HunsDigit       2    7[BANK0 ] unsigned int 
  TensDigit       2    5[BANK0 ] unsigned int 
 Return value:  Size  Location     Type
                  1    wreg      void 
 Registers used:
		wreg, status,2, status,0, pclath, cstack
 Tracked objects:
		On entry : 
		On exit  : 
		Unchanged: 
 Data sizes:     COMMON   BANK0   BANK1   BANK3   BANK2
      Params:         0       2       0       0       0
      Locals:         0      10       0       0       0
      Temps:          0       0       0       0       0
      Totals:         0      12       0       0       0
Total ram usage:       12 bytes
 Hardware stack levels used:    1
 Hardware stack levels required when called:    3
 This function calls:
		_lcdWriteData
 This function is called by:
		_main
		_ADCMain
 This function uses a non-reentrant model


 *************** function _lcdWriteData *****************
 Defined at:
		line 20 in file "LCD.c"
 Parameters:    Size  Location     Type
  databyte        1    wreg     unsigned char 
 Auto vars:     Size  Location     Type
  databyte        1    2[BANK0 ] unsigned char 
 Return value:  Size  Location     Type
                  1    wreg      void 
 Registers used:
		wreg
 Tracked objects:
		On entry : 
		On exit  : 
		Unchanged: 
 Data sizes:     COMMON   BANK0   BANK1   BANK3   BANK2
      Params:         0       0       0       0       0
      Locals:         0       1       0       0       0
      Temps:          0       2       0       0       0
      Totals:         0       3       0       0       0
Total ram usage:        3 bytes
 Hardware stack levels used:    1
 Hardware stack levels required when called:    2
 This function calls:
		Nothing
 This function is called by:
		_lcdWriteToDigitBCD
		_lcdWriteString
 This function uses a non-reentrant model


 *************** function _lcdSetCursor *****************
 Defined at:
		line 31 in file "LCD.c"
 Parameters:    Size  Location     Type
  address         1    wreg     unsigned char 
 Auto vars:     Size  Location     Type
  address         1    3[BANK0 ] unsigned char 
 Return value:  Size  Location     Type
                  1    wreg      void 
 Registers used:
		wreg, status,2, status,0, pclath, cstack
 Tracked objects:
		On entry : 
		On exit  : 
		Unchanged: 
 Data sizes:     COMMON   BANK0   BANK1   BANK3   BANK2
      Params:         0       0       0       0       0
      Locals:         0       1       0       0       0
      Temps:          0       0       0       0       0
      Totals:         0       1       0       0       0
Total ram usage:        1 bytes
 Hardware stack levels used:    1
 Hardware stack levels required when called:    3
 This function calls:
		_lcdWriteControl
 This function is called by:
		_main
		_ADCMain
 This function uses a non-reentrant model


 *************** function _lcdWriteControl *****************
 Defined at:
		line 9 in file "LCD.c"
 Parameters:    Size  Location     Type
  databyte        1    wreg     unsigned char 
 Auto vars:     Size  Location     Type
  databyte        1    2[BANK0 ] unsigned char 
 Return value:  Size  Location     Type
                  1    wreg      void 
 Registers used:
		wreg
 Tracked objects:
		On entry : 
		On exit  : 
		Unchanged: 
 Data sizes:     COMMON   BANK0   BANK1   BANK3   BANK2
      Params:         0       0       0       0       0
      Locals:         0       1       0       0       0
      Temps:          0       2       0       0       0
      Totals:         0       3       0       0       0
Total ram usage:        3 bytes
 Hardware stack levels used:    1
 Hardware stack levels required when called:    2
 This function calls:
		Nothing
 This function is called by:
		_lcdSetCursor
		_setupLCD
 This function uses a non-reentrant model


 *************** function _getADC *****************
 Defined at:
		line 28 in file "ADC.c"
 Parameters:    Size  Location     Type
		None
 Auto vars:     Size  Location     Type
		None
 Return value:  Size  Location     Type
                  2  413[None  ] unsigned int 
 Registers used:
		wreg, fsr0l, fsr0h, status,2, status,0
 Tracked objects:
		On entry : 
		On exit  : 
		Unchanged: 
 Data sizes:     COMMON   BANK0   BANK1   BANK3   BANK2
      Params:         0       0       0       0       0
      Locals:         0       0       0       0       0
      Temps:          0       2       0       0       0
      Totals:         0       2       0       0       0
Total ram usage:        2 bytes
 Hardware stack levels used:    1
 Hardware stack levels required when called:    2
 This function calls:
		Nothing
 This function is called by:
		_ADCMain
 This function uses a non-reentrant model


 *************** function _adcConvertMM *****************
 Defined at:
		line 58 in file "ADC.c"
 Parameters:    Size  Location     Type
  adcRAW          2   21[BANK0 ] unsigned int 
 Auto vars:     Size  Location     Type
		None
 Return value:  Size  Location     Type
                  2   21[BANK0 ] unsigned int 
 Registers used:
		wreg, status,2, status,0, pclath, cstack
 Tracked objects:
		On entry : 
		On exit  : 
		Unchanged: 
 Data sizes:     COMMON   BANK0   BANK1   BANK3   BANK2
      Params:         0       2       0       0       0
      Locals:         0       0       0       0       0
      Temps:          0       8       0       0       0
      Totals:         0      10       0       0       0
Total ram usage:       10 bytes
 Hardware stack levels used:    1
 Hardware stack levels required when called:    3
 This function calls:
		___aldiv
		___lwdiv
		___wmul
 This function is called by:
		_ADCMain
 This function uses a non-reentrant model


 *************** function ___wmul *****************
 Defined at:
		line 15 in file "C:\Program Files (x86)\Microchip\xc8\v1.38\sources\common\Umul16.c"
 Parameters:    Size  Location     Type
  multiplier      2    0[BANK0 ] unsigned int 
  multiplicand    2    2[BANK0 ] unsigned int 
 Auto vars:     Size  Location     Type
  product         2    4[BANK0 ] unsigned int 
 Return value:  Size  Location     Type
                  2    0[BANK0 ] unsigned int 
 Registers used:
		wreg, status,2, status,0
 Tracked objects:
		On entry : 
		On exit  : 
		Unchanged: 
 Data sizes:     COMMON   BANK0   BANK1   BANK3   BANK2
      Params:         0       4       0       0       0
      Locals:         0       2       0       0       0
      Temps:          0       0       0       0       0
      Totals:         0       6       0       0       0
Total ram usage:        6 bytes
 Hardware stack levels used:    1
 Hardware stack levels required when called:    2
 This function calls:
		Nothing
 This function is called by:
		_main
		_adcConvertMM
 This function uses a non-reentrant model


 *************** function ___lwdiv *****************
 Defined at:
		line 6 in file "C:\Program Files (x86)\Microchip\xc8\v1.38\sources\common\lwdiv.c"
 Parameters:    Size  Location     Type
  divisor         2    6[BANK0 ] unsigned int 
  dividend        2    8[BANK0 ] unsigned int 
 Auto vars:     Size  Location     Type
  quotient        2   11[BANK0 ] unsigned int 
  counter         1   13[BANK0 ] unsigned char 
 Return value:  Size  Location     Type
                  2    6[BANK0 ] unsigned int 
 Registers used:
		wreg, status,2, status,0
 Tracked objects:
		On entry : 
		On exit  : 
		Unchanged: 
 Data sizes:     COMMON   BANK0   BANK1   BANK3   BANK2
      Params:         0       4       0       0       0
      Locals:         0       3       0       0       0
      Temps:          0       1       0       0       0
      Totals:         0       8       0       0       0
Total ram usage:        8 bytes
 Hardware stack levels used:    1
 Hardware stack levels required when called:    2
 This function calls:
		Nothing
 This function is called by:
		_main
		_adcConvertMM
 This function uses a non-reentrant model


 *************** function ___aldiv *****************
 Defined at:
		line 6 in file "C:\Program Files (x86)\Microchip\xc8\v1.38\sources\common\aldiv.c"
 Parameters:    Size  Location     Type
  divisor         4    6[BANK0 ] long 
  dividend        4   10[BANK0 ] long 
 Auto vars:     Size  Location     Type
  quotient        4   17[BANK0 ] long 
  sign            1   16[BANK0 ] unsigned char 
  counter         1   15[BANK0 ] unsigned char 
 Return value:  Size  Location     Type
                  4    6[BANK0 ] long 
 Registers used:
		wreg, status,2, status,0
 Tracked objects:
		On entry : 
		On exit  : 
		Unchanged: 
 Data sizes:     COMMON   BANK0   BANK1   BANK3   BANK2
      Params:         0       8       0       0       0
      Locals:         0       6       0       0       0
      Temps:          0       1       0       0       0
      Totals:         0      15       0       0       0
Total ram usage:       15 bytes
 Hardware stack levels used:    1
 Hardware stack levels required when called:    2
 This function calls:
		Nothing
 This function is called by:
		_adcConvertMM
 This function uses a non-reentrant model


 *************** function _isr *****************
 Defined at:
		line 29 in file "main.c"
 Parameters:    Size  Location     Type
		None
 Auto vars:     Size  Location     Type
		None
 Return value:  Size  Location     Type
                  1    wreg      void 
 Registers used:
		wreg, status,2, status,0, pclath, cstack
 Tracked objects:
		On entry : 
		On exit  : 
		Unchanged: 
 Data sizes:     COMMON   BANK0   BANK1   BANK3   BANK2
      Params:         0       0       0       0       0
      Locals:         0       0       0       0       0
      Temps:          5       0       0       0       0
      Totals:         5       0       0       0       0
Total ram usage:        5 bytes
 Hardware stack levels used:    1
 Hardware stack levels required when called:    1
 This function calls:
		___lwmod
 This function is called by:
		Interrupt level 1
 This function uses a non-reentrant model


 *************** function ___lwmod *****************
 Defined at:
		line 6 in file "C:\Program Files (x86)\Microchip\xc8\v1.38\sources\common\lwmod.c"
 Parameters:    Size  Location     Type
  divisor         2    0[COMMON] unsigned int 
  dividend        2    2[COMMON] unsigned int 
 Auto vars:     Size  Location     Type
  counter         1    5[COMMON] unsigned char 
 Return value:  Size  Location     Type
                  2    0[COMMON] unsigned int 
 Registers used:
		wreg, status,2, status,0
 Tracked objects:
		On entry : 
		On exit  : 
		Unchanged: 
 Data sizes:     COMMON   BANK0   BANK1   BANK3   BANK2
      Params:         4       0       0       0       0
      Locals:         1       0       0       0       0
      Temps:          1       0       0       0       0
      Totals:         6       0       0       0       0
Total ram usage:        6 bytes
 Hardware stack levels used:    1
 This function calls:
		Nothing
 This function is called by:
		_isr
 This function uses a non-reentrant model



MODULE INFORMATION

Module		Function		Class		Link	Load	Size
C:\Program Files (x86)\Microchip\xc8\v1.38\sources\common\lwmod.c
		___lwmod       		CODE           	07C5	0000	51

C:\Program Files (x86)\Microchip\xc8\v1.38\sources\common\lwmod.c estimated size: 51

C:\Program Files (x86)\Microchip\xc8\v1.38\sources\common\Umul16.c
		___wmul        		CODE           	0E12	0000	36

C:\Program Files (x86)\Microchip\xc8\v1.38\sources\common\Umul16.c estimated size: 36

ser.c
		_ser_init      		CODE           	0D8E	0000	16
		_ser_getch     		CODE           	0D69	0000	11
		_ser_putch     		CODE           	0D73	0000	13
		_getSensorData 		CODE           	0EF4	0000	63
		_DriveDirect   		CODE           	0F73	0000	142

ser.c estimated size: 245

C:\Program Files (x86)\Microchip\xc8\v1.38\sources\common\lwdiv.c
		___lwdiv       		CODE           	0EB6	0000	63

C:\Program Files (x86)\Microchip\xc8\v1.38\sources\common\lwdiv.c estimated size: 63

motor.c
		_setCCW        		CODE           	0E35	0000	40

motor.c estimated size: 40

C:\Program Files (x86)\Microchip\xc8\v1.38\sources\common\aldiv.c
		___aldiv       		CODE           	06F1	0000	144

C:\Program Files (x86)\Microchip\xc8\v1.38\sources\common\aldiv.c estimated size: 144

shared
		__initialization		CODE           	0015	0000	33

shared estimated size: 33

ADC.c
		_ADCMain       		CODE           	0DF2	0000	33
		_adcConvertMM  		CODE           	0039	0000	910
		_getADC        		CODE           	0780	0000	70
		_setupADC      		CODE           	0DC4	0000	23

ADC.c estimated size: 1036

SPI.c
		_spi_transfer  		CODE           	0D7F	0000	16
		_setupSPI      		CODE           	0DDA	0000	25

SPI.c estimated size: 41

main.c
		_main          		CODE           	03C6	0000	661
		_isr           		CODE           	0F32	0000	66
		_initWallFollow		CODE           	0E85	0000	50

main.c estimated size: 777

LCD.c
		_setupLCD      		CODE           	0E5C	0000	42
		_lcdSetCursor  		CODE           	07F7	0000	10
		_lcdWriteControl		CODE           	0DB0	0000	21
		_lcdWriteData  		CODE           	0D9D	0000	20
		_lcdWriteToDigitBCD		CODE           	065A	0000	152

LCD.c estimated size: 245

