Microchip MPLAB XC8 Compiler V1.38 ()

Linker command line:

-W-3 --edf=C:\Program Files (x86)\Microchip\xc8\v1.38\dat\en_msgs.txt -cs \
  -h+dist/default/production\iRobot_Maze.X.production.sym \
  --cmf=dist/default/production\iRobot_Maze.X.production.cmf -z -Q16F877A \
  -oC:\Users\Jason\AppData\Local\Temp\s3tg.2 \
  -Mdist/default/production/iRobot_Maze.X.production.map -E1 -ver=XC8 \
  -ASTACK=0150h-016fh -pstack=STACK -ACODE=00h-07FFhx4 -ASTRCODE=00h-01FFFh \
  -ASTRING=00h-0FFhx32 -ACONST=00h-0FFhx32 -AENTRY=00h-0FFhx32 \
  -ACOMMON=070h-07Fh -ABANK0=020h-06Fh -ABANK1=0A0h-0EFh \
  -ABANK2=0110h-016Fh -ABANK3=0190h-01EFh \
  -ARAM=020h-06Fh,0A0h-0EFh,0110h-016Fh,0190h-01EFh \
  -AABS1=020h-07Fh,0A0h-0EFh,0110h-016Fh,0190h-01EFh -ASFR0=00h-01Fh \
  -ASFR1=080h-09Fh -ASFR2=0100h-010Fh -ASFR3=0180h-018Fh \
  -preset_vec=00h,intentry=04h,init,end_init -ppowerup=CODE -pcinit=CODE \
  -pfunctab=CODE -ACONFIG=02007h-02007h -pconfig=CONFIG -DCONFIG=2 \
  -AIDLOC=02000h-02003h -pidloc=IDLOC -DIDLOC=2 -AEEDATA=00h-0FFh/02100h \
  -peeprom_data=EEDATA -DEEDATA=2 -DCODE=2 -DSTRCODE=2 -DSTRING=2 -DCONST=2 \
  -DENTRY=2 -k C:\Users\Jason\AppData\Local\Temp\s3tg.obj \
  dist/default/production\iRobot_Maze.X.production.obj 

Object code version is 3.11

Machine type is 16F877A



                Name                               Link     Load   Length Selector   Space Scale
C:\Users\Jason\AppData\Local\Temp\s3tg.obj
                end_init                             12       12        3        8       0
                reset_vec                             0        0        3        0       0
                config                             2007     2007        1     400E       0
dist/default/production\iRobot_Maze.X.production.obj
                cinit                                15       15       57        8       0
                intentry                              4        4        E        8       0
                text29                             160B     160B       26     2C16       0
                text28                             1536     1536       13     2A6C       0
                text27                             155C     155C       14     2AB8       0
                text26                             14F4     14F4        9     29E8       0
                text25                             1549     1549       13     2A92       0
                text24                             15C8     15C8       20     2B90       0
                text23                              C82      C82      37E     1904       0
                text22                             14FD     14FD        A     29FA       0
                text21                              801      801        C     1002       0
                text20                             1681     1681       3E     2D02       0
                text19                             173D     173D       45     2E7A       0
                text18                              941      941       9B     1282       0
                text17                             1584     1584       15     2B08       0
                text16                              8B4      8B4       8D     1168       0
                text15                             16BF     16BF       3E     2D7E       0
                text14                             15E8     15E8       23     2BD0       0
                text13                             1507     1507        F     2A0E       0
                text12                             1782     1782       7E     2F04       0
                text11                              836      836       7E     106C       0
                text10                              593      593      16E        8       0
                text9                               701      701       F8        8       0
                text8                              1631     1631       28     2C62       0
                text7                               9DC      9DC       A1     13B8       0
                text6                               B6D      B6D      115     16DA       0
                text5                               A7D      A7D       F0     14FA       0
                text4                              1516     1516        F     2A2C       0
                text3                              1599     1599       16     2B32       0
                text2                               80D      80D       29     101A       0
                text1                              15AF     15AF       19     2B5E       0
                maintext                             6C       6C      527        8       0
                cstackBANK0                          20       20       2D       20       1
                cstackCOMMON                         72       72        5       70       1
                cstackBANK1                          EA       EA        6       A0       1
                clrtext                            14EC     14EC        8     29D8       0
                inittext                           1525     1525       11     2A4A       0
                dataBANK2                           110      110       40      110       1
                dataBANK3                           190      190       28      190       1
                bssBANK3                            1B8      1B8       20      190       1
                dataBANK1                            D6       D6       14       A0       1
                bssBANK1                             A0       A0       36       A0       1
                dataBANK0                            67       67        7       20       1
                bssBANK0                             4D       4D       1A       20       1
                bssCOMMON                            77       77        3       70       1
                bitbssCOMMON                        380       70        9       70       1     8
                strings                            1000     1000       11     2000       0
                idataBANK3                         1659     1659       28     2CB2       0
                idataBANK2                         16FD     16FD       40     2DFA       0
                idataBANK1                         1570     1570       14     2AE0       0
                idataBANK0                          7F9      7F9        7        8       0

TOTAL           Name                               Link     Load   Length     Space
        CLASS   STACK          

        CLASS   CODE           
                end_init                             12       12        3         0
                cinit                                15       15       57         0
                intentry                              4        4        E         0
                reset_vec                             0        0        3         0
                text29                             160B     160B       26         0
                text28                             1536     1536       13         0
                text27                             155C     155C       14         0
                text26                             14F4     14F4        9         0
                text25                             1549     1549       13         0
                text24                             15C8     15C8       20         0
                text23                              C82      C82      37E         0
                text22                             14FD     14FD        A         0
                text21                              801      801        C         0
                text20                             1681     1681       3E         0
                text19                             173D     173D       45         0
                text18                              941      941       9B         0
                text17                             1584     1584       15         0
                text16                              8B4      8B4       8D         0
                text15                             16BF     16BF       3E         0
                text14                             15E8     15E8       23         0
                text13                             1507     1507        F         0
                text12                             1782     1782       7E         0
                text11                              836      836       7E         0
                text10                              593      593      16E         0
                text9                               701      701       F8         0
                text8                              1631     1631       28         0
                text7                               9DC      9DC       A1         0
                text6                               B6D      B6D      115         0
                text5                               A7D      A7D       F0         0
                text4                              1516     1516        F         0
                text3                              1599     1599       16         0
                text2                               80D      80D       29         0
                text1                              15AF     15AF       19         0
                maintext                             6C       6C      527         0
                clrtext                            14EC     14EC        8         0
                inittext                           1525     1525       11         0
                idataBANK3                         1659     1659       28         0
                idataBANK2                         16FD     16FD       40         0
                idataBANK1                         1570     1570       14         0
                idataBANK0                          7F9      7F9        7         0

        CLASS   STRCODE        

        CLASS   STRING         
                strings                            1000     1000       11         0

        CLASS   CONST          

        CLASS   ENTRY          

        CLASS   COMMON         
                cstackCOMMON                         72       72        5         1
                bssCOMMON                            77       77        3         1
                bitbssCOMMON                        380       70        9         1

        CLASS   BANK0          
                cstackBANK0                          20       20       2D         1
                dataBANK0                            67       67        7         1
                bssBANK0                             4D       4D       1A         1

        CLASS   BANK1          
                cstackBANK1                          EA       EA        6         1
                dataBANK1                            D6       D6       14         1
                bssBANK1                             A0       A0       36         1

        CLASS   BANK2          
                dataBANK2                           110      110       40         1

        CLASS   BANK3          
                dataBANK3                           190      190       28         1
                bssBANK3                            1B8      1B8       20         1

        CLASS   RAM            

        CLASS   ABS1           
                abs_s1                               7E       7E        2         1

        CLASS   SFR0           

        CLASS   SFR1           

        CLASS   SFR2           

        CLASS   SFR3           

        CLASS   CONFIG         
                config                             2007     2007        1         0

        CLASS   IDLOC          

        CLASS   EEDATA         



SEGMENTS        Name                           Load    Length   Top    Selector   Space  Class     Delta

                reset_vec                      000000  000003  000003         0       0  CODE        2
                intentry                       000004  0007FC  000800         8       0  CODE        2
                cstackBANK0                    000020  00004E  00006E        20       1  BANK0       1
                bitbssCOMMON                   000070  00000A  00007A        70       1  COMMON      1
                bssBANK1                       0000A0  000050  0000F0        A0       1  BANK1       1
                dataBANK2                      000110  000040  000150       110       1  BANK2       1
                dataBANK3                      000190  000048  0001D8       190       1  BANK3       1
                text21                         000801  00000C  00080D      1002       0  CODE        2
                text2                          00080D  000029  000836      101A       0  CODE        2
                text11                         000836  00007E  0008B4      106C       0  CODE        2
                text16                         0008B4  00008D  000941      1168       0  CODE        2
                text18                         000941  00009B  0009DC      1282       0  CODE        2
                text7                          0009DC  0000A1  000A7D      13B8       0  CODE        2
                text5                          000A7D  0000F0  000B6D      14FA       0  CODE        2
                text6                          000B6D  000115  000C82      16DA       0  CODE        2
                text23                         000C82  00037E  001000      1904       0  CODE        2
                strings                        001000  000011  001011      2000       0  STRING      2
                clrtext                        0014EC  000008  0014F4      29D8       0  CODE        2
                text26                         0014F4  000009  0014FD      29E8       0  CODE        2
                text22                         0014FD  00000A  001507      29FA       0  CODE        2
                text13                         001507  00000F  001516      2A0E       0  CODE        2
                text4                          001516  00000F  001525      2A2C       0  CODE        2
                inittext                       001525  000011  001536      2A4A       0  CODE        2
                text28                         001536  000013  001549      2A6C       0  CODE        2
                text25                         001549  000013  00155C      2A92       0  CODE        2
                text27                         00155C  000014  001570      2AB8       0  CODE        2
                idataBANK1                     001570  000014  001584      2AE0       0  CODE        2
                text17                         001584  000015  001599      2B08       0  CODE        2
                text3                          001599  000016  0015AF      2B32       0  CODE        2
                text1                          0015AF  000019  0015C8      2B5E       0  CODE        2
                text24                         0015C8  000020  0015E8      2B90       0  CODE        2
                text14                         0015E8  000023  00160B      2BD0       0  CODE        2
                text29                         00160B  000026  001631      2C16       0  CODE        2
                text8                          001631  000028  001659      2C62       0  CODE        2
                idataBANK3                     001659  000028  001681      2CB2       0  CODE        2
                text20                         001681  00003E  0016BF      2D02       0  CODE        2
                text15                         0016BF  00003E  0016FD      2D7E       0  CODE        2
                idataBANK2                     0016FD  000040  00173D      2DFA       0  CODE        2
                text19                         00173D  000045  001782      2E7A       0  CODE        2
                text12                         001782  00007E  001800      2F04       0  CODE        2
                config                         002007  000001  002008      400E       0  CONFIG      2


UNUSED ADDRESS RANGES

        Name                Unused          Largest block    Delta
        BANK0            006E-006F              2           1
        BANK2            0150-016F             20           1
        BANK3            01D8-01EF             18           1
        CODE             0003-0003              1           2
                         0800-0800              1
                         1011-14EB            4DB
                         1800-1FFF            800
        COMMON           007A-007D              4           1
        CONST            0003-0003              1           2
                         0800-0800              1
                         1011-14EB            100
                         1800-1FFF            100
        EEDATA           2100-21FF            100           2
        ENTRY            0003-0003              1           2
                         0800-0800              1
                         1011-14EB            100
                         1800-1FFF            100
        IDLOC            2000-2003              4           2
        RAM              006E-006F              2           1
                         0150-016F             20
                         01D8-01EF             18
        SFR0             0000-001F             20           1
        SFR1             0080-009F             20           1
        SFR2             0100-010F             10           1
        SFR3             0180-018F             10           1
        STACK            0150-016F             20           1
        STRCODE          0003-0003              1           2
                         0800-0800              1
                         1011-14EB            4DB
                         1800-1FFF            800
        STRING           0003-0003              1           2
                         0800-0800              1
                         1011-14EB            100
                         1800-1FFF            100

                                  Symbol Table

?___lwdiv                       cstackBANK0  0020
?___wmul                        cstackBANK0  0020
?_getSensorData                 cstackBANK0  0022
Drive1m@n                       cstackBANK0  003F
Drive1m@omni_IR                 cstackBANK0  0040
Drive@radH                      cstackBANK0  0022
Drive@radL                      cstackBANK0  0023
Drive@speedH                    cstackBANK0  0024
Drive@speedL                    cstackBANK0  0021
DriveDirect@VelocityLeft        cstackBANK0  0023
DriveDirect@VelocityRight       cstackBANK0  0021
DriveDirect@data                cstackBANK0  0026
DriveDirect@data_494            cstackBANK0  0028
PathTo@F1222                    dataBANK3    0190
PathTo@loop                     cstackBANK0  0043
PathTo@mazeGrid                 cstackBANK0  002D
PathTo@sum                      cstackBANK0  0042
PathTo@x_target                 cstackBANK0  0041
PathTo@y_target                 cstackBANK0  0025
TravelPath@n                    cstackBANK0  0043
Turn90@direction                cstackBANK0  002D
_ADCMain                        text17       1584
_ADCON0                         (abs)        001F
_ADCON1                         (abs)        009F
_ADC_ADJUST                     bssBANK0     004D
_ADJUSTED_SPEED_L               bssBANK1     00C0
_ADJUSTED_SPEED_R               bssBANK1     00C2
_ADRESH                         (abs)        001E
_ADRESL                         (abs)        009E
_CURRENT_SPEED_L                dataBANK0    006A
_CURRENT_SPEED_R                dataBANK0    006C
_Drive                          text8        1631
_Drive1m                        text9        0701
_DriveDirect                    text16       08B4
_GIE                            (abs)        005F
_GO                             (abs)        00FA
_IR_Wall                        bitbssCOMMON 0380
_LeftSpeedH                     bssBANK0     0053
_LeftSpeedL                     bssBANK0     0054
_OPTION_REG                     (abs)        0081
_PB7Counter                     bssBANK0     0055
_PB8Counter                     bssBANK0     0056
_PEIE                           (abs)        005E
_PORTA                          (abs)        0005
_PORTB                          (abs)        0006
_PORTC                          (abs)        0007
_PORTD                          (abs)        0008
_PORTE                          (abs)        0009
_PathTo                         text23       0C82
_RB0                            (abs)        0030
_RB1                            (abs)        0031
_RB2                            (abs)        0032
_RB3                            (abs)        0033
_RC2                            (abs)        003A
_RCIF                           (abs)        0065
_RCREG                          (abs)        001A
_RCSTA                          (abs)        0018
_RE0                            (abs)        0048
_RE1                            (abs)        0049
_RE2                            (abs)        004A
_RightSpeedH                    bssBANK0     0057
_RightSpeedL                    bssBANK0     0058
_SPBRG                          (abs)        0099
_SSPBUF                         (abs)        0013
_SSPCON                         (abs)        0014
_SSPIF                          (abs)        0063
_SSPSTAT                        (abs)        0094
_TMR0                           (abs)        0001
_TMR0IE                         (abs)        005D
_TMR0IF                         (abs)        005A
_TRISA                          (abs)        0085
_TRISB                          (abs)        0086
_TRISC                          (abs)        0087
_TRISD                          (abs)        0088
_TRISE                          (abs)        0089
_TRMT                           (abs)        04C1
_TXREG                          (abs)        0019
_TXSTA                          (abs)        0098
_TravelPath                     text6        0B6D
_Turn90                         text7        09DC
__CFG_BOREN$OFF                 (abs)        0000
__CFG_CP$OFF                    (abs)        0000
__CFG_CPD$OFF                   (abs)        0000
__CFG_FOSC$HS                   (abs)        0000
__CFG_LVP$OFF                   (abs)        0000
__CFG_PWRTE$OFF                 (abs)        0000
__CFG_WDTE$OFF                  (abs)        0000
__CFG_WRT$OFF                   (abs)        0000
__Habs1                         abs1         0000
__Hbank0                        bank0        0000
__Hbank1                        bank1        0000
__Hbank2                        bank2        0000
__Hbank3                        bank3        0000
__HbitbssCOMMON                 bitbssCOMMON 0000
__HbssBANK0                     bssBANK0     0000
__HbssBANK1                     bssBANK1     0000
__HbssBANK3                     bssBANK3     0000
__HbssCOMMON                    bssCOMMON    0000
__Hcinit                        cinit        006C
__Hclrtext                      clrtext      0000
__Hcode                         code         0000
__Hcommon                       common       0000
__Hconfig                       config       2008
__HcstackBANK0                  cstackBANK0  0000
__HcstackBANK1                  cstackBANK1  0000
__HcstackCOMMON                 cstackCOMMON 0000
__HdataBANK0                    dataBANK0    0000
__HdataBANK1                    dataBANK1    0000
__HdataBANK2                    dataBANK2    0000
__HdataBANK3                    dataBANK3    0000
__Heeprom_data                  eeprom_data  0000
__Hend_init                     end_init     0015
__Hfunctab                      functab      0000
__HidataBANK0                   idataBANK0   0000
__HidataBANK1                   idataBANK1   0000
__HidataBANK2                   idataBANK2   0000
__HidataBANK3                   idataBANK3   0000
__Hidloc                        idloc        0000
__Hinit                         init         0012
__Hinittext                     inittext     0000
__Hintentry                     intentry     0012
__Hmaintext                     maintext     0000
__Hpowerup                      powerup      0000
__Hram                          ram          0000
__Hreset_vec                    reset_vec    0003
__Hsfr0                         sfr0         0000
__Hsfr1                         sfr1         0000
__Hsfr2                         sfr2         0000
__Hsfr3                         sfr3         0000
__Hspace_0                      (abs)        2008
__Hspace_1                      (abs)        0389
__Hspace_2                      (abs)        0000
__Hspace_3                      (abs)        0000
__Hstack                        stack        0000
__Hstrings                      strings      0000
__Htext                         text         0000
__Labs1                         abs1         0000
__Lbank0                        bank0        0000
__Lbank1                        bank1        0000
__Lbank2                        bank2        0000
__Lbank3                        bank3        0000
__LbitbssCOMMON                 bitbssCOMMON 0000
__LbssBANK0                     bssBANK0     0000
__LbssBANK1                     bssBANK1     0000
__LbssBANK3                     bssBANK3     0000
__LbssCOMMON                    bssCOMMON    0000
__Lcinit                        cinit        0015
__Lclrtext                      clrtext      0000
__Lcode                         code         0000
__Lcommon                       common       0000
__Lconfig                       config       2007
__LcstackBANK0                  cstackBANK0  0000
__LcstackBANK1                  cstackBANK1  0000
__LcstackCOMMON                 cstackCOMMON 0000
__LdataBANK0                    dataBANK0    0000
__LdataBANK1                    dataBANK1    0000
__LdataBANK2                    dataBANK2    0000
__LdataBANK3                    dataBANK3    0000
__Leeprom_data                  eeprom_data  0000
__Lend_init                     end_init     0012
__Lfunctab                      functab      0000
__LidataBANK0                   idataBANK0   0000
__LidataBANK1                   idataBANK1   0000
__LidataBANK2                   idataBANK2   0000
__LidataBANK3                   idataBANK3   0000
__Lidloc                        idloc        0000
__Linit                         init         0012
__Linittext                     inittext     0000
__Lintentry                     intentry     0004
__Lmaintext                     maintext     0000
__Lpowerup                      powerup      0000
__Lram                          ram          0000
__Lreset_vec                    reset_vec    0000
__Lsfr0                         sfr0         0000
__Lsfr1                         sfr1         0000
__Lsfr2                         sfr2         0000
__Lsfr3                         sfr3         0000
__Lspace_0                      (abs)        0000
__Lspace_1                      (abs)        0000
__Lspace_2                      (abs)        0000
__Lspace_3                      (abs)        0000
__Lstack                        stack        0000
__Lstrings                      strings      0000
__Ltext                         text         0000
__S0                            (abs)        2008
__S1                            (abs)        01D8
__S2                            (abs)        0000
__S3                            (abs)        0000
___bmul                         text28       1536
___bmul@multiplicand            cstackBANK0  0020
___bmul@multiplier              cstackBANK0  0023
___bmul@product                 cstackBANK0  0022
___int_sp                       stack        0000
___latbits                      (abs)        0002
___lwdiv                        text15       16BF
___lwdiv@counter                cstackBANK0  0025
___lwdiv@dividend               cstackBANK0  0022
___lwdiv@divisor                cstackBANK0  0020
___lwdiv@quotient               cstackBANK0  0026
___sp                           stack        0000
___wmul                         text14       15E8
___wmul@multiplicand            cstackBANK0  0022
___wmul@multiplier              cstackBANK0  0020
___wmul@product                 cstackBANK0  0024
__end_of_ADCMain                text17       1599
__end_of_Drive                  text8        1659
__end_of_Drive1m                text9        07F9
__end_of_DriveDirect            text16       0941
__end_of_PathTo                 text23       1000
__end_of_TravelPath             text6        0C82
__end_of_Turn90                 text7        0A7D
__end_of___bmul                 text28       1549
__end_of___lwdiv                text15       16FD
__end_of___wmul                 text14       160B
__end_of__initialization        cinit        0068
__end_of__stringtab             strings      1006
__end_of_getADC                 text19       1782
__end_of_getSensorData          text20       16BF
__end_of_isr                    text29       1631
__end_of_lcdSetCursor           text26       14FD
__end_of_lcdWriteControl        text27       1570
__end_of_lcdWriteData           text25       155C
__end_of_lcdWriteString         text24       15E8
__end_of_lcdWriteToDigitBCD     text18       09DC
__end_of_main                   maintext     0593
__end_of_re_route               text5        0B6D
__end_of_ser_getch              text22       1507
__end_of_ser_init               text4        1525
__end_of_ser_putch              text21       080D
__end_of_setupADC               text3        15AF
__end_of_setupLCD               text2        0836
__end_of_setupSPI               text1        15C8
__end_of_spi_transfer           text13       1516
__end_of_stepCCW                text12       1800
__end_of_stepCW                 text11       08B4
__end_of_wallFollow             text10       0701
__initialization                cinit        0015
__pbitbssCOMMON                 bitbssCOMMON 0380
__pbssBANK0                     bssBANK0     004D
__pbssBANK1                     bssBANK1     00A0
__pbssBANK3                     bssBANK3     01B8
__pbssCOMMON                    bssCOMMON    0077
__pcstackBANK0                  cstackBANK0  0020
__pcstackBANK1                  cstackBANK1  00EA
__pcstackCOMMON                 cstackCOMMON 0072
__pdataBANK0                    dataBANK0    0067
__pdataBANK1                    dataBANK1    00D6
__pdataBANK2                    dataBANK2    0110
__pdataBANK3                    dataBANK3    0190
__pidataBANK0                   idataBANK0   07F9
__pidataBANK1                   idataBANK1   1570
__pidataBANK2                   idataBANK2   16FD
__pidataBANK3                   idataBANK3   1659
__pintentry                     intentry     0004
__pmaintext                     maintext     006C
__pstrings                      strings      1000
__ptext1                        text1        15AF
__ptext10                       text10       0593
__ptext11                       text11       0836
__ptext12                       text12       1782
__ptext13                       text13       1507
__ptext14                       text14       15E8
__ptext15                       text15       16BF
__ptext16                       text16       08B4
__ptext17                       text17       1584
__ptext18                       text18       0941
__ptext19                       text19       173D
__ptext2                        text2        080D
__ptext20                       text20       1681
__ptext21                       text21       0801
__ptext22                       text22       14FD
__ptext23                       text23       0C82
__ptext24                       text24       15C8
__ptext25                       text25       1549
__ptext26                       text26       14F4
__ptext27                       text27       155C
__ptext28                       text28       1536
__ptext29                       text29       160B
__ptext3                        text3        1599
__ptext4                        text4        1516
__ptext5                        text5        0A7D
__ptext6                        text6        0B6D
__ptext7                        text7        09DC
__ptext8                        text8        1631
__ptext9                        text9        0701
__size_of_ADCMain               (abs)        0000
__size_of_Drive                 (abs)        0000
__size_of_Drive1m               (abs)        0000
__size_of_DriveDirect           (abs)        0000
__size_of_PathTo                (abs)        0000
__size_of_TravelPath            (abs)        0000
__size_of_Turn90                (abs)        0000
__size_of___bmul                (abs)        0000
__size_of___lwdiv               (abs)        0000
__size_of___wmul                (abs)        0000
__size_of_getADC                (abs)        0000
__size_of_getSensorData         (abs)        0000
__size_of_isr                   (abs)        0000
__size_of_lcdSetCursor          (abs)        0000
__size_of_lcdWriteControl       (abs)        0000
__size_of_lcdWriteData          (abs)        0000
__size_of_lcdWriteString        (abs)        0000
__size_of_lcdWriteToDigitBCD    (abs)        0000
__size_of_main                  (abs)        0000
__size_of_re_route              (abs)        0000
__size_of_ser_getch             (abs)        0000
__size_of_ser_init              (abs)        0000
__size_of_ser_putch             (abs)        0000
__size_of_setupADC              (abs)        0000
__size_of_setupLCD              (abs)        0000
__size_of_setupSPI              (abs)        0000
__size_of_spi_transfer          (abs)        0000
__size_of_stepCCW               (abs)        0000
__size_of_stepCW                (abs)        0000
__size_of_wallFollow            (abs)        0000
__stringbase                    strings      1005
__stringtab                     strings      1000
_adcRAW                         bssBANK0     004F
_angle                          bssCOMMON    0077
_c                              bssBANK0     0059
_distance                       bssBANK0     0051
_down                           bitbssCOMMON 0381
_getADC                         text19       173D
_getSensorData                  text20       1681
_gridWalls                      dataBANK2    0110
_highByte                       bssCOMMON    0079
_intersection_orientation       bssBANK0     005A
_isr                            text29       160B
_lcdSetCursor                   text26       14F4
_lcdWriteControl                text27       155C
_lcdWriteData                   text25       1549
_lcdWriteString                 text24       15C8
_lcdWriteToDigitBCD             text18       0941
_left                           bitbssCOMMON 0382
_leftWall                       bitbssCOMMON 0383
_loop                           bssBANK1     00CA
_lowByte                        bssBANK0     005B
_main                           maintext     006C
_mazeGridDefault                dataBANK1    00D6
_orientation                    dataBANK0    0067
_orientation_path               bssBANK0     005C
_path                           bssBANK3     01B8
_pathCount                      bssBANK0     005D
_pathCountShortest              dataBANK0    0068
_pathShortest                   bssBANK1     00A0
_r                              bssBANK0     005E
_re_route                       text5        0A7D
_reset_flag                     bitbssCOMMON 0384
_right                          bitbssCOMMON 0385
_routing                        bitbssCOMMON 0386
_ser_getch                      text22       14FD
_ser_init                       text4        1516
_ser_putch                      text21       0801
_setupADC                       text3        1599
_setupLCD                       text2        080D
_setupSPI                       text1        15AF
_spi_transfer                   text13       1507
_stepCCW                        text12       1782
_stepCW                         text11       0836
_targets                        bssBANK0     005F
_targets_found                  bitbssCOMMON 0387
_time_count                     bssBANK1     00CC
_up                             bitbssCOMMON 0388
_wallFollow                     text10       0593
_wallFollow$964                 cstackBANK0  0038
_x                              dataBANK0    0069
_x_goto                         bssBANK0     0060
_x_int                          bssBANK0     0061
_x_path                         bssBANK0     0062
_x_target                       bssBANK1     00D4
_y                              bssBANK0     0063
_y_goto                         bssBANK0     0064
_y_int                          bssBANK0     0065
_y_path                         bssBANK0     0066
_y_target                       bssBANK1     00D5
btemp                           (abs)        007E
clear_ram0                      clrtext      14EC
end_of_initialization           cinit        0068
getSensorData@bytes             cstackBANK0  0022
getSensorData@packetID          cstackBANK0  0026
getSensorData@sensor            cstackBANK0  0027
init_fetch0                     inittext     1525
init_ram0                       inittext     1529
interrupt_function              intentry     0004
intlevel0                       functab      0000
intlevel1                       functab      0000
intlevel2                       functab      0000
intlevel3                       functab      0000
intlevel4                       functab      0000
intlevel5                       functab      0000
lcdSetCursor@address            cstackBANK0  0023
lcdWriteControl@databyte        cstackBANK0  0022
lcdWriteData@databyte           cstackBANK0  0022
lcdWriteString@s                cstackBANK0  0024
lcdWriteToDigitBCD@HunsDigit    cstackBANK0  002D
lcdWriteToDigitBCD@OnesDigit    cstackBANK0  0033
lcdWriteToDigitBCD@TenThouDigit cstackBANK0  0031
lcdWriteToDigitBCD@TensDigit    cstackBANK0  002B
lcdWriteToDigitBCD@ThouDigit    cstackBANK0  002F
lcdWriteToDigitBCD@data         cstackBANK0  0029
ltemp                           (abs)        007E
ltemp0                          (abs)        007E
ltemp1                          (abs)        0082
ltemp2                          (abs)        0086
ltemp3                          (abs)        0080
main@controlByte                cstackBANK1  00EA
main@fifth                      cstackBANK1  00EF
main@first                      cstackBANK1  00EB
main@fourth                     cstackBANK1  00EE
main@second                     cstackBANK1  00EC
main@third                      cstackBANK1  00ED
reset_vec                       reset_vec    0000
saved_w                         (abs)        007E
ser_getch@rxbyte                cstackBANK0  0021
ser_putch@c                     cstackBANK0  0020
spi_transfer@data               cstackBANK0  0022
spi_transfer@temp               cstackBANK0  0021
stackhi                         (abs)        0000
stacklo                         (abs)        0000
start                           init         0012
start_initialization            cinit        0015
stepCCW@steps                   cstackBANK0  0023
stepCW@steps                    cstackBANK0  0023
ttemp                           (abs)        007E
ttemp0                          (abs)        007E
ttemp1                          (abs)        0081
ttemp2                          (abs)        0084
ttemp3                          (abs)        0087
ttemp4                          (abs)        007F
wallFollow@setADCdist           cstackBANK0  003A
wtemp                           (abs)        007E
wtemp0                          (abs)        007E
wtemp1                          (abs)        0080
wtemp2                          (abs)        0082
wtemp3                          (abs)        0084
wtemp4                          (abs)        0086
wtemp5                          (abs)        0088
wtemp6                          (abs)        007F


FUNCTION INFORMATION:

 *************** function _main *****************
 Defined at:
		line 503 in file "main.c"
 Parameters:    Size  Location     Type
		None
 Auto vars:     Size  Location     Type
  fifth           1    5[BANK1 ] unsigned char 
  fourth          1    4[BANK1 ] unsigned char 
  third           1    3[BANK1 ] unsigned char 
  second          1    2[BANK1 ] unsigned char 
  first           1    1[BANK1 ] unsigned char 
  controlByte     1    0[BANK1 ] unsigned char 
 Return value:  Size  Location     Type
                  1    wreg      void 
 Registers used:
		wreg, fsr0l, fsr0h, status,2, status,0, btemp+1, pclath, cstack
 Tracked objects:
		On entry : 
		On exit  : 
		Unchanged: 
 Data sizes:     COMMON   BANK0   BANK1   BANK3   BANK2
      Params:         0       0       0       0       0
      Locals:         0       0       6       0       0
      Temps:          0       3       0       0       0
      Totals:         0       3       6       0       0
Total ram usage:        9 bytes
 Hardware stack levels required when called:    8
 This function calls:
		_DriveDirect
		_PathTo
		_TravelPath
		_re_route
		_ser_init
		_ser_putch
		_setupADC
		_setupLCD
		_setupSPI
		_spi_transfer
 This function is called by:
		Startup code after reset
 This function uses a non-reentrant model


 *************** function _setupSPI *****************
 Defined at:
		line 4 in file "SPI.c"
 Parameters:    Size  Location     Type
		None
 Auto vars:     Size  Location     Type
		None
 Return value:  Size  Location     Type
                  1    wreg      void 
 Registers used:
		wreg
 Tracked objects:
		On entry : 
		On exit  : 
		Unchanged: 
 Data sizes:     COMMON   BANK0   BANK1   BANK3   BANK2
      Params:         0       0       0       0       0
      Locals:         0       0       0       0       0
      Temps:          0       0       0       0       0
      Totals:         0       0       0       0       0
Total ram usage:        0 bytes
 Hardware stack levels used:    1
 Hardware stack levels required when called:    1
 This function calls:
		Nothing
 This function is called by:
		_main
 This function uses a non-reentrant model


 *************** function _setupLCD *****************
 Defined at:
		line 86 in file "LCD.c"
 Parameters:    Size  Location     Type
		None
 Auto vars:     Size  Location     Type
		None
 Return value:  Size  Location     Type
                  1    wreg      void 
 Registers used:
		wreg, status,2, status,0, pclath, cstack
 Tracked objects:
		On entry : 
		On exit  : 
		Unchanged: 
 Data sizes:     COMMON   BANK0   BANK1   BANK3   BANK2
      Params:         0       0       0       0       0
      Locals:         0       0       0       0       0
      Temps:          0       0       0       0       0
      Totals:         0       0       0       0       0
Total ram usage:        0 bytes
 Hardware stack levels used:    1
 Hardware stack levels required when called:    2
 This function calls:
		_lcdWriteControl
 This function is called by:
		_main
 This function uses a non-reentrant model


 *************** function _setupADC *****************
 Defined at:
		line 5 in file "ADC.c"
 Parameters:    Size  Location     Type
		None
 Auto vars:     Size  Location     Type
		None
 Return value:  Size  Location     Type
                  1    wreg      void 
 Registers used:
		wreg, status,2
 Tracked objects:
		On entry : 
		On exit  : 
		Unchanged: 
 Data sizes:     COMMON   BANK0   BANK1   BANK3   BANK2
      Params:         0       0       0       0       0
      Locals:         0       0       0       0       0
      Temps:          0       1       0       0       0
      Totals:         0       1       0       0       0
Total ram usage:        1 bytes
 Hardware stack levels used:    1
 Hardware stack levels required when called:    1
 This function calls:
		Nothing
 This function is called by:
		_main
 This function uses a non-reentrant model


 *************** function _ser_init *****************
 Defined at:
		line 5 in file "ser.c"
 Parameters:    Size  Location     Type
		None
 Auto vars:     Size  Location     Type
		None
 Return value:  Size  Location     Type
                  1    wreg      void 
 Registers used:
		wreg
 Tracked objects:
		On entry : 
		On exit  : 
		Unchanged: 
 Data sizes:     COMMON   BANK0   BANK1   BANK3   BANK2
      Params:         0       0       0       0       0
      Locals:         0       0       0       0       0
      Temps:          0       0       0       0       0
      Totals:         0       0       0       0       0
Total ram usage:        0 bytes
 Hardware stack levels used:    1
 Hardware stack levels required when called:    1
 This function calls:
		Nothing
 This function is called by:
		_main
 This function uses a non-reentrant model


 *************** function _re_route *****************
 Defined at:
		line 457 in file "main.c"
 Parameters:    Size  Location     Type
		None
 Auto vars:     Size  Location     Type
		None
 Return value:  Size  Location     Type
                  1    wreg      void 
 Registers used:
		wreg, fsr0l, fsr0h, status,2, status,0, btemp+1, pclath, cstack
 Tracked objects:
		On entry : 
		On exit  : 
		Unchanged: 
 Data sizes:     COMMON   BANK0   BANK1   BANK3   BANK2
      Params:         0       0       0       0       0
      Locals:         0       0       0       0       0
      Temps:          0       5       0       0       0
      Totals:         0       5       0       0       0
Total ram usage:        5 bytes
 Hardware stack levels used:    1
 Hardware stack levels required when called:    7
 This function calls:
		_DriveDirect
		_PathTo
		_TravelPath
		_Turn90
		___bmul
		_getSensorData
 This function is called by:
		_main
 This function uses a non-reentrant model


 *************** function _TravelPath *****************
 Defined at:
		line 390 in file "main.c"
 Parameters:    Size  Location     Type
		None
 Auto vars:     Size  Location     Type
  n               1   35[BANK0 ] unsigned char 
 Return value:  Size  Location     Type
                  1    wreg      void 
 Registers used:
		wreg, fsr0l, fsr0h, status,2, status,0, btemp+1, pclath, cstack
 Tracked objects:
		On entry : 
		On exit  : 
		Unchanged: 
 Data sizes:     COMMON   BANK0   BANK1   BANK3   BANK2
      Params:         0       0       0       0       0
      Locals:         0       1       0       0       0
      Temps:          0       2       0       0       0
      Totals:         0       3       0       0       0
Total ram usage:        3 bytes
 Hardware stack levels used:    1
 Hardware stack levels required when called:    6
 This function calls:
		_Drive1m
		_Turn90
 This function is called by:
		_re_route
		_main
 This function uses a non-reentrant model


 *************** function _Turn90 *****************
 Defined at:
		line 359 in file "main.c"
 Parameters:    Size  Location     Type
  direction       1    wreg     unsigned char 
 Auto vars:     Size  Location     Type
  direction       1   13[BANK0 ] unsigned char 
 Return value:  Size  Location     Type
                  1    wreg      void 
 Registers used:
		wreg, status,2, status,0, btemp+1, pclath, cstack
 Tracked objects:
		On entry : 
		On exit  : 
		Unchanged: 
 Data sizes:     COMMON   BANK0   BANK1   BANK3   BANK2
      Params:         0       0       0       0       0
      Locals:         0       1       0       0       0
      Temps:          0       3       0       0       0
      Totals:         0       4       0       0       0
Total ram usage:        4 bytes
 Hardware stack levels used:    1
 Hardware stack levels required when called:    3
 This function calls:
		_Drive
		_DriveDirect
		_getSensorData
 This function is called by:
		_TravelPath
		_re_route
 This function uses a non-reentrant model


 *************** function _Drive *****************
 Defined at:
		line 45 in file "ser.c"
 Parameters:    Size  Location     Type
  speedH          1    wreg     unsigned char 
  speedL          1    1[BANK0 ] unsigned char 
  radH            1    2[BANK0 ] unsigned char 
  radL            1    3[BANK0 ] unsigned char 
 Auto vars:     Size  Location     Type
  speedH          1    4[BANK0 ] unsigned char 
 Return value:  Size  Location     Type
                  1    wreg      void 
 Registers used:
		wreg, status,2, status,0, pclath, cstack
 Tracked objects:
		On entry : 
		On exit  : 
		Unchanged: 
 Data sizes:     COMMON   BANK0   BANK1   BANK3   BANK2
      Params:         0       3       0       0       0
      Locals:         0       1       0       0       0
      Temps:          0       0       0       0       0
      Totals:         0       4       0       0       0
Total ram usage:        4 bytes
 Hardware stack levels used:    1
 Hardware stack levels required when called:    2
 This function calls:
		_ser_putch
 This function is called by:
		_Turn90
 This function uses a non-reentrant model


 *************** function _Drive1m *****************
 Defined at:
		line 281 in file "main.c"
 Parameters:    Size  Location     Type
		None
 Auto vars:     Size  Location     Type
  n               1   31[BANK0 ] unsigned char 
  omni_IR         1   32[BANK0 ] unsigned char 
 Return value:  Size  Location     Type
                  1    wreg      void 
 Registers used:
		wreg, fsr0l, fsr0h, status,2, status,0, btemp+1, pclath, cstack
 Tracked objects:
		On entry : 
		On exit  : 
		Unchanged: 
 Data sizes:     COMMON   BANK0   BANK1   BANK3   BANK2
      Params:         0       0       0       0       0
      Locals:         0       2       0       0       0
      Temps:          0       3       0       0       0
      Totals:         0       5       0       0       0
Total ram usage:        5 bytes
 Hardware stack levels used:    1
 Hardware stack levels required when called:    5
 This function calls:
		_DriveDirect
		_getSensorData
		_lcdWriteToDigitBCD
		_ser_putch
		_wallFollow
 This function is called by:
		_TravelPath
 This function uses a non-reentrant model


 *************** function _wallFollow *****************
 Defined at:
		line 14 in file "main.c"
 Parameters:    Size  Location     Type
		None
 Auto vars:     Size  Location     Type
  setADCdist      2   26[BANK0 ] unsigned int 
 Return value:  Size  Location     Type
                  1    wreg      void 
 Registers used:
		wreg, fsr0l, fsr0h, status,2, status,0, btemp+1, pclath, cstack
 Tracked objects:
		On entry : 
		On exit  : 
		Unchanged: 
 Data sizes:     COMMON   BANK0   BANK1   BANK3   BANK2
      Params:         0       0       0       0       0
      Locals:         0       4       0       0       0
      Temps:          0       3       0       0       0
      Totals:         0       7       0       0       0
Total ram usage:        7 bytes
 Hardware stack levels used:    1
 Hardware stack levels required when called:    4
 This function calls:
		_ADCMain
		_DriveDirect
		___lwdiv
		___wmul
		_stepCCW
		_stepCW
 This function is called by:
		_Drive1m
 This function uses a non-reentrant model


 *************** function _stepCW *****************
 Defined at:
		line 21 in file "motor.c"
 Parameters:    Size  Location     Type
  steps           2    3[BANK0 ] int 
 Auto vars:     Size  Location     Type
		None
 Return value:  Size  Location     Type
                  1    wreg      void 
 Registers used:
		wreg, status,2, status,0, btemp+1, pclath, cstack
 Tracked objects:
		On entry : 
		On exit  : 
		Unchanged: 
 Data sizes:     COMMON   BANK0   BANK1   BANK3   BANK2
      Params:         0       2       0       0       0
      Locals:         0       0       0       0       0
      Temps:          0       3       0       0       0
      Totals:         0       5       0       0       0
Total ram usage:        5 bytes
 Hardware stack levels used:    1
 Hardware stack levels required when called:    2
 This function calls:
		_spi_transfer
 This function is called by:
		_wallFollow
 This function uses a non-reentrant model


 *************** function _stepCCW *****************
 Defined at:
		line 5 in file "motor.c"
 Parameters:    Size  Location     Type
  steps           2    3[BANK0 ] int 
 Auto vars:     Size  Location     Type
		None
 Return value:  Size  Location     Type
                  1    wreg      void 
 Registers used:
		wreg, status,2, status,0, btemp+1, pclath, cstack
 Tracked objects:
		On entry : 
		On exit  : 
		Unchanged: 
 Data sizes:     COMMON   BANK0   BANK1   BANK3   BANK2
      Params:         0       2       0       0       0
      Locals:         0       0       0       0       0
      Temps:          0       3       0       0       0
      Totals:         0       5       0       0       0
Total ram usage:        5 bytes
 Hardware stack levels used:    1
 Hardware stack levels required when called:    2
 This function calls:
		_spi_transfer
 This function is called by:
		_wallFollow
 This function uses a non-reentrant model


 *************** function _spi_transfer *****************
 Defined at:
		line 22 in file "SPI.c"
 Parameters:    Size  Location     Type
  data            1    wreg     unsigned char 
 Auto vars:     Size  Location     Type
  data            1    2[BANK0 ] unsigned char 
  temp            1    1[BANK0 ] unsigned char 
 Return value:  Size  Location     Type
                  1    wreg      unsigned char 
 Registers used:
		wreg, status,2
 Tracked objects:
		On entry : 
		On exit  : 
		Unchanged: 
 Data sizes:     COMMON   BANK0   BANK1   BANK3   BANK2
      Params:         0       0       0       0       0
      Locals:         0       2       0       0       0
      Temps:          0       1       0       0       0
      Totals:         0       3       0       0       0
Total ram usage:        3 bytes
 Hardware stack levels used:    1
 Hardware stack levels required when called:    1
 This function calls:
		Nothing
 This function is called by:
		_main
		_stepCCW
		_stepCW
 This function uses a non-reentrant model


 *************** function ___wmul *****************
 Defined at:
		line 15 in file "C:\Program Files (x86)\Microchip\xc8\v1.38\sources\common\Umul16.c"
 Parameters:    Size  Location     Type
  multiplier      2    0[BANK0 ] unsigned int 
  multiplicand    2    2[BANK0 ] unsigned int 
 Auto vars:     Size  Location     Type
  product         2    4[BANK0 ] unsigned int 
 Return value:  Size  Location     Type
                  2    0[BANK0 ] unsigned int 
 Registers used:
		wreg, status,2, status,0
 Tracked objects:
		On entry : 
		On exit  : 
		Unchanged: 
 Data sizes:     COMMON   BANK0   BANK1   BANK3   BANK2
      Params:         0       4       0       0       0
      Locals:         0       2       0       0       0
      Temps:          0       0       0       0       0
      Totals:         0       6       0       0       0
Total ram usage:        6 bytes
 Hardware stack levels used:    1
 Hardware stack levels required when called:    1
 This function calls:
		Nothing
 This function is called by:
		_wallFollow
 This function uses a non-reentrant model


 *************** function ___lwdiv *****************
 Defined at:
		line 6 in file "C:\Program Files (x86)\Microchip\xc8\v1.38\sources\common\lwdiv.c"
 Parameters:    Size  Location     Type
  divisor         2    0[BANK0 ] unsigned int 
  dividend        2    2[BANK0 ] unsigned int 
 Auto vars:     Size  Location     Type
  quotient        2    6[BANK0 ] unsigned int 
  counter         1    5[BANK0 ] unsigned char 
 Return value:  Size  Location     Type
                  2    0[BANK0 ] unsigned int 
 Registers used:
		wreg, status,2, status,0
 Tracked objects:
		On entry : 
		On exit  : 
		Unchanged: 
 Data sizes:     COMMON   BANK0   BANK1   BANK3   BANK2
      Params:         0       4       0       0       0
      Locals:         0       3       0       0       0
      Temps:          0       1       0       0       0
      Totals:         0       8       0       0       0
Total ram usage:        8 bytes
 Hardware stack levels used:    1
 Hardware stack levels required when called:    1
 This function calls:
		Nothing
 This function is called by:
		_wallFollow
 This function uses a non-reentrant model


 *************** function _DriveDirect *****************
 Defined at:
		line 54 in file "ser.c"
 Parameters:    Size  Location     Type
  VelocityRigh    2    1[BANK0 ] int 
  VelocityLeft    2    3[BANK0 ] int 
 Auto vars:     Size  Location     Type
  data            2    8[BANK0 ] unsigned int 
  data            2    6[BANK0 ] unsigned int 
 Return value:  Size  Location     Type
                  1    wreg      void 
 Registers used:
		wreg, status,2, status,0, btemp+1, pclath, cstack
 Tracked objects:
		On entry : 
		On exit  : 
		Unchanged: 
 Data sizes:     COMMON   BANK0   BANK1   BANK3   BANK2
      Params:         0       4       0       0       0
      Locals:         0       4       0       0       0
      Temps:          0       1       0       0       0
      Totals:         0       9       0       0       0
Total ram usage:        9 bytes
 Hardware stack levels used:    1
 Hardware stack levels required when called:    2
 This function calls:
		_ser_putch
 This function is called by:
		_wallFollow
		_Drive1m
		_Turn90
		_re_route
		_main
 This function uses a non-reentrant model


 *************** function _ADCMain *****************
 Defined at:
		line 16 in file "ADC.c"
 Parameters:    Size  Location     Type
		None
 Auto vars:     Size  Location     Type
		None
 Return value:  Size  Location     Type
                  1    wreg      void 
 Registers used:
		wreg, fsr0l, fsr0h, status,2, status,0, pclath, cstack
 Tracked objects:
		On entry : 
		On exit  : 
		Unchanged: 
 Data sizes:     COMMON   BANK0   BANK1   BANK3   BANK2
      Params:         0       0       0       0       0
      Locals:         0       0       0       0       0
      Temps:          0       0       0       0       0
      Totals:         0       0       0       0       0
Total ram usage:        0 bytes
 Hardware stack levels used:    1
 Hardware stack levels required when called:    3
 This function calls:
		_getADC
		_lcdSetCursor
		_lcdWriteToDigitBCD
 This function is called by:
		_wallFollow
 This function uses a non-reentrant model


 *************** function _lcdWriteToDigitBCD *****************
 Defined at:
		line 38 in file "LCD.c"
 Parameters:    Size  Location     Type
  data            2    9[BANK0 ] unsigned int 
 Auto vars:     Size  Location     Type
  OnesDigit       2   19[BANK0 ] unsigned int 
  TenThouDigit    2   17[BANK0 ] unsigned int 
  ThouDigit       2   15[BANK0 ] unsigned int 
  HunsDigit       2   13[BANK0 ] unsigned int 
  TensDigit       2   11[BANK0 ] unsigned int 
 Return value:  Size  Location     Type
                  1    wreg      void 
 Registers used:
		wreg, status,2, status,0, pclath, cstack
 Tracked objects:
		On entry : 
		On exit  : 
		Unchanged: 
 Data sizes:     COMMON   BANK0   BANK1   BANK3   BANK2
      Params:         0       2       0       0       0
      Locals:         0      10       0       0       0
      Temps:          0       0       0       0       0
      Totals:         0      12       0       0       0
Total ram usage:       12 bytes
 Hardware stack levels used:    1
 Hardware stack levels required when called:    2
 This function calls:
		_lcdWriteData
 This function is called by:
		_Drive1m
		_ADCMain
 This function uses a non-reentrant model


 *************** function _getADC *****************
 Defined at:
		line 25 in file "ADC.c"
 Parameters:    Size  Location     Type
		None
 Auto vars:     Size  Location     Type
		None
 Return value:  Size  Location     Type
                  2  624[None  ] unsigned int 
 Registers used:
		wreg, fsr0l, fsr0h, status,2, status,0
 Tracked objects:
		On entry : 
		On exit  : 
		Unchanged: 
 Data sizes:     COMMON   BANK0   BANK1   BANK3   BANK2
      Params:         0       0       0       0       0
      Locals:         0       0       0       0       0
      Temps:          0       2       0       0       0
      Totals:         0       2       0       0       0
Total ram usage:        2 bytes
 Hardware stack levels used:    1
 Hardware stack levels required when called:    1
 This function calls:
		Nothing
 This function is called by:
		_ADCMain
 This function uses a non-reentrant model


 *************** function _getSensorData *****************
 Defined at:
		line 85 in file "ser.c"
 Parameters:    Size  Location     Type
  packetID        1    wreg     unsigned char 
  bytes           1    2[BANK0 ] unsigned char 
 Auto vars:     Size  Location     Type
  packetID        1    6[BANK0 ] unsigned char 
  sensor          2    7[BANK0 ] int 
 Return value:  Size  Location     Type
                  2    2[BANK0 ] int 
 Registers used:
		wreg, status,2, status,0, btemp+1, pclath, cstack
 Tracked objects:
		On entry : 
		On exit  : 
		Unchanged: 
 Data sizes:     COMMON   BANK0   BANK1   BANK3   BANK2
      Params:         0       2       0       0       0
      Locals:         0       3       0       0       0
      Temps:          0       2       0       0       0
      Totals:         0       7       0       0       0
Total ram usage:        7 bytes
 Hardware stack levels used:    1
 Hardware stack levels required when called:    2
 This function calls:
		_ser_getch
		_ser_putch
 This function is called by:
		_Drive1m
		_Turn90
		_re_route
 This function uses a non-reentrant model


 *************** function _ser_putch *****************
 Defined at:
		line 30 in file "ser.c"
 Parameters:    Size  Location     Type
  c               1    wreg     unsigned char 
 Auto vars:     Size  Location     Type
  c               1    0[BANK0 ] unsigned char 
 Return value:  Size  Location     Type
                  1    wreg      void 
 Registers used:
		wreg
 Tracked objects:
		On entry : 
		On exit  : 
		Unchanged: 
 Data sizes:     COMMON   BANK0   BANK1   BANK3   BANK2
      Params:         0       0       0       0       0
      Locals:         0       1       0       0       0
      Temps:          0       0       0       0       0
      Totals:         0       1       0       0       0
Total ram usage:        1 bytes
 Hardware stack levels used:    1
 Hardware stack levels required when called:    1
 This function calls:
		Nothing
 This function is called by:
		_Drive1m
		_main
		_Drive
		_DriveDirect
		_getSensorData
 This function uses a non-reentrant model


 *************** function _ser_getch *****************
 Defined at:
		line 35 in file "ser.c"
 Parameters:    Size  Location     Type
		None
 Auto vars:     Size  Location     Type
  rxbyte          1    1[BANK0 ] unsigned char 
 Return value:  Size  Location     Type
                  1    wreg      unsigned char 
 Registers used:
		wreg
 Tracked objects:
		On entry : 
		On exit  : 
		Unchanged: 
 Data sizes:     COMMON   BANK0   BANK1   BANK3   BANK2
      Params:         0       0       0       0       0
      Locals:         0       1       0       0       0
      Temps:          0       1       0       0       0
      Totals:         0       2       0       0       0
Total ram usage:        2 bytes
 Hardware stack levels used:    1
 Hardware stack levels required when called:    1
 This function calls:
		Nothing
 This function is called by:
		_getSensorData
 This function uses a non-reentrant model


 *************** function _PathTo *****************
 Defined at:
		line 55 in file "main.c"
 Parameters:    Size  Location     Type
  x_target        1    wreg     unsigned char 
  y_target        1    5[BANK0 ] unsigned char 
 Auto vars:     Size  Location     Type
  x_target        1   33[BANK0 ] unsigned char 
  sum             1   34[BANK0 ] unsigned char 
  loop            2   35[BANK0 ] int 
  mazeGrid       20   13[BANK0 ] unsigned char [5][4]
 Return value:  Size  Location     Type
                  1    wreg      void 
 Registers used:
		wreg, fsr0l, fsr0h, status,2, status,0, btemp+1, pclath, cstack
 Tracked objects:
		On entry : 
		On exit  : 
		Unchanged: 
 Data sizes:     COMMON   BANK0   BANK1   BANK3   BANK2
      Params:         0       1       0       0       0
      Locals:         0      24       0       0       0
      Temps:          0       7       0       0       0
      Totals:         0      32       0       0       0
Total ram usage:       32 bytes
 Hardware stack levels used:    1
 Hardware stack levels required when called:    3
 This function calls:
		___bmul
		_lcdSetCursor
		_lcdWriteString
 This function is called by:
		_re_route
		_main
 This function uses a non-reentrant model


 *************** function _lcdWriteString *****************
 Defined at:
		line 32 in file "LCD.c"
 Parameters:    Size  Location     Type
  s               1    wreg     PTR unsigned char 
		 -> STR_1(11), 
 Auto vars:     Size  Location     Type
  s               1    4[BANK0 ] PTR unsigned char 
		 -> STR_1(11), 
 Return value:  Size  Location     Type
                  1    wreg      void 
 Registers used:
		wreg, fsr0l, fsr0h, status,2, status,0, pclath, cstack
 Tracked objects:
		On entry : 
		On exit  : 
		Unchanged: 
 Data sizes:     COMMON   BANK0   BANK1   BANK3   BANK2
      Params:         0       0       0       0       0
      Locals:         0       1       0       0       0
      Temps:          0       1       0       0       0
      Totals:         0       2       0       0       0
Total ram usage:        2 bytes
 Hardware stack levels used:    1
 Hardware stack levels required when called:    2
 This function calls:
		_lcdWriteData
 This function is called by:
		_PathTo
 This function uses a non-reentrant model


 *************** function _lcdWriteData *****************
 Defined at:
		line 16 in file "LCD.c"
 Parameters:    Size  Location     Type
  databyte        1    wreg     unsigned char 
 Auto vars:     Size  Location     Type
  databyte        1    2[BANK0 ] unsigned char 
 Return value:  Size  Location     Type
                  1    wreg      void 
 Registers used:
		wreg
 Tracked objects:
		On entry : 
		On exit  : 
		Unchanged: 
 Data sizes:     COMMON   BANK0   BANK1   BANK3   BANK2
      Params:         0       0       0       0       0
      Locals:         0       1       0       0       0
      Temps:          0       2       0       0       0
      Totals:         0       3       0       0       0
Total ram usage:        3 bytes
 Hardware stack levels used:    1
 Hardware stack levels required when called:    1
 This function calls:
		Nothing
 This function is called by:
		_lcdWriteString
		_lcdWriteToDigitBCD
 This function uses a non-reentrant model


 *************** function _lcdSetCursor *****************
 Defined at:
		line 27 in file "LCD.c"
 Parameters:    Size  Location     Type
  address         1    wreg     unsigned char 
 Auto vars:     Size  Location     Type
  address         1    3[BANK0 ] unsigned char 
 Return value:  Size  Location     Type
                  1    wreg      void 
 Registers used:
		wreg, status,2, status,0, pclath, cstack
 Tracked objects:
		On entry : 
		On exit  : 
		Unchanged: 
 Data sizes:     COMMON   BANK0   BANK1   BANK3   BANK2
      Params:         0       0       0       0       0
      Locals:         0       1       0       0       0
      Temps:          0       0       0       0       0
      Totals:         0       1       0       0       0
Total ram usage:        1 bytes
 Hardware stack levels used:    1
 Hardware stack levels required when called:    2
 This function calls:
		_lcdWriteControl
 This function is called by:
		_PathTo
		_ADCMain
 This function uses a non-reentrant model


 *************** function _lcdWriteControl *****************
 Defined at:
		line 5 in file "LCD.c"
 Parameters:    Size  Location     Type
  databyte        1    wreg     unsigned char 
 Auto vars:     Size  Location     Type
  databyte        1    2[BANK0 ] unsigned char 
 Return value:  Size  Location     Type
                  1    wreg      void 
 Registers used:
		wreg
 Tracked objects:
		On entry : 
		On exit  : 
		Unchanged: 
 Data sizes:     COMMON   BANK0   BANK1   BANK3   BANK2
      Params:         0       0       0       0       0
      Locals:         0       1       0       0       0
      Temps:          0       2       0       0       0
      Totals:         0       3       0       0       0
Total ram usage:        3 bytes
 Hardware stack levels used:    1
 Hardware stack levels required when called:    1
 This function calls:
		Nothing
 This function is called by:
		_lcdSetCursor
		_setupLCD
 This function uses a non-reentrant model


 *************** function ___bmul *****************
 Defined at:
		line 4 in file "C:\Program Files (x86)\Microchip\xc8\v1.38\sources\common\Umul8.c"
 Parameters:    Size  Location     Type
  multiplier      1    wreg     unsigned char 
  multiplicand    1    0[BANK0 ] unsigned char 
 Auto vars:     Size  Location     Type
  multiplier      1    3[BANK0 ] unsigned char 
  product         1    2[BANK0 ] unsigned char 
 Return value:  Size  Location     Type
                  1    wreg      unsigned char 
 Registers used:
		wreg, status,2, status,0
 Tracked objects:
		On entry : 
		On exit  : 
		Unchanged: 
 Data sizes:     COMMON   BANK0   BANK1   BANK3   BANK2
      Params:         0       1       0       0       0
      Locals:         0       2       0       0       0
      Temps:          0       1       0       0       0
      Totals:         0       4       0       0       0
Total ram usage:        4 bytes
 Hardware stack levels used:    1
 Hardware stack levels required when called:    1
 This function calls:
		Nothing
 This function is called by:
		_PathTo
		_re_route
 This function uses a non-reentrant model


 *************** function _isr *****************
 Defined at:
		line 490 in file "main.c"
 Parameters:    Size  Location     Type
		None
 Auto vars:     Size  Location     Type
		None
 Return value:  Size  Location     Type
                  1    wreg      void 
 Registers used:
		wreg, status,2, status,0
 Tracked objects:
		On entry : 
		On exit  : 
		Unchanged: 
 Data sizes:     COMMON   BANK0   BANK1   BANK3   BANK2
      Params:         0       0       0       0       0
      Locals:         0       0       0       0       0
      Temps:          5       0       0       0       0
      Totals:         5       0       0       0       0
Total ram usage:        5 bytes
 Hardware stack levels used:    1
 This function calls:
		Nothing
 This function is called by:
		Interrupt level 1
 This function uses a non-reentrant model



MODULE INFORMATION

Module		Function		Class		Link	Load	Size
C:\Program Files (x86)\Microchip\xc8\v1.38\sources\common\Umul16.c
		___wmul        		CODE           	15E8	0000	36

C:\Program Files (x86)\Microchip\xc8\v1.38\sources\common\Umul16.c estimated size: 36

ser.c
		_Drive         		CODE           	1631	0000	41
		_ser_init      		CODE           	1516	0000	16
		_ser_getch     		CODE           	14FD	0000	11
		_ser_putch     		CODE           	0801	0000	13
		_getSensorData 		CODE           	1681	0000	63
		_DriveDirect   		CODE           	08B4	0000	142

ser.c estimated size: 286

C:\Program Files (x86)\Microchip\xc8\v1.38\sources\common\lwdiv.c
		___lwdiv       		CODE           	16BF	0000	63

C:\Program Files (x86)\Microchip\xc8\v1.38\sources\common\lwdiv.c estimated size: 63

motor.c
		_stepCCW       		CODE           	1782	0000	127
		_stepCW        		CODE           	0836	0000	127

motor.c estimated size: 254

C:\Program Files (x86)\Microchip\xc8\v1.38\sources\common\Umul8.c
		___bmul        		CODE           	1536	0000	20

C:\Program Files (x86)\Microchip\xc8\v1.38\sources\common\Umul8.c estimated size: 20

shared
		__stringtab    		STRING         	1000	0000	7
		__initialization		CODE           	0015	0000	84

shared estimated size: 91

ADC.c
		_ADCMain       		CODE           	1584	0000	22
		_getADC        		CODE           	173D	0000	70
		_setupADC      		CODE           	1599	0000	23

ADC.c estimated size: 115

SPI.c
		_spi_transfer  		CODE           	1507	0000	16
		_setupSPI      		CODE           	15AF	0000	26

SPI.c estimated size: 42

main.c
		_Drive1m       		CODE           	0701	0000	249
		_Turn90        		CODE           	09DC	0000	162
		_main          		CODE           	006C	0000	1320
		_TravelPath    		CODE           	0B6D	0000	278
		_re_route      		CODE           	0A7D	0000	241
		_isr           		CODE           	160B	0000	39
		_PathTo        		CODE           	0C82	0000	895
		_wallFollow    		CODE           	0593	0000	367

main.c estimated size: 3551

LCD.c
		_setupLCD      		CODE           	080D	0000	42
		_lcdSetCursor  		CODE           	14F4	0000	10
		_lcdWriteControl		CODE           	155C	0000	21
		_lcdWriteData  		CODE           	1549	0000	20
		_lcdWriteToDigitBCD		CODE           	0941	0000	156
		_lcdWriteString		CODE           	15C8	0000	33

LCD.c estimated size: 282

