Microchip MPLAB XC8 Compiler V1.38 ()

Linker command line:

-W-3 --edf=C:\Program Files (x86)\Microchip\xc8\v1.38\dat\en_msgs.txt -cs \
  -h+dist/default/production\iRobot_Maze.X.production.sym \
  --cmf=dist/default/production\iRobot_Maze.X.production.cmf -z -Q16F877A \
  -oC:\Users\Jason\AppData\Local\Temp\s47g.2 \
  -Mdist/default/production/iRobot_Maze.X.production.map -E1 -ver=XC8 \
  -ASTACK=0150h-016fh -pstack=STACK -ACODE=00h-07FFhx4 -ASTRCODE=00h-01FFFh \
  -ASTRING=00h-0FFhx32 -ACONST=00h-0FFhx32 -AENTRY=00h-0FFhx32 \
  -ACOMMON=070h-07Fh -ABANK0=020h-06Fh -ABANK1=0A0h-0EFh \
  -ABANK2=0110h-016Fh -ABANK3=0190h-01EFh \
  -ARAM=020h-06Fh,0A0h-0EFh,0110h-016Fh,0190h-01EFh \
  -AABS1=020h-07Fh,0A0h-0EFh,0110h-016Fh,0190h-01EFh -ASFR0=00h-01Fh \
  -ASFR1=080h-09Fh -ASFR2=0100h-010Fh -ASFR3=0180h-018Fh \
  -preset_vec=00h,intentry=04h,init,end_init -ppowerup=CODE -pcinit=CODE \
  -pfunctab=CODE -ACONFIG=02007h-02007h -pconfig=CONFIG -DCONFIG=2 \
  -AIDLOC=02000h-02003h -pidloc=IDLOC -DIDLOC=2 -AEEDATA=00h-0FFh/02100h \
  -peeprom_data=EEDATA -DEEDATA=2 -DCODE=2 -DSTRCODE=2 -DSTRING=2 -DCONST=2 \
  -DENTRY=2 -k C:\Users\Jason\AppData\Local\Temp\s47g.obj \
  dist/default/production\iRobot_Maze.X.production.obj 

Object code version is 3.11

Machine type is 16F877A



                Name                               Link     Load   Length Selector   Space Scale
C:\Users\Jason\AppData\Local\Temp\s47g.obj
                end_init                             12       12        3        8       0
                reset_vec                             0        0        3        0       0
                config                             2007     2007        1     400E       0
dist/default/production\iRobot_Maze.X.production.obj
                cinit                                15       15       57        8       0
                intentry                              4        4        E        8       0
                text27                             170E     170E       26     2E1C       0
                text26                             1639     1639       13     2C72       0
                text25                             165F     165F       14     2CBE       0
                text24                             15FA     15FA        9     2BF4       0
                text23                             164C     164C       13     2C98       0
                text22                             16CB     16CB       20     2D96       0
                text21                              C9C      C9C      364     1938       0
                text20                             1603     1603        A     2C06       0
                text19                             160D     160D        C     2C1A       0
                text18                             1784     1784       3E     2F08       0
                text17                              878      878       45     10F0       0
                text16                              94A      94A       9B     1294       0
                text15                             1687     1687       15     2D0E       0
                text14                              8BD      8BD       8D     117A       0
                text13                             17C2     17C2       3E     2F84       0
                text12                             16EB     16EB       23     2DD6       0
                text11                              A86      A86      104     150C       0
                text10                              B8A      B8A      112     1714       0
                text9                              1734     1734       28     2E68       0
                text8                               9E5      9E5       A1     13CA       0
                text7                               5F1      5F1      115        8       0
                text6                               706      706       F2        8       0
                text5                              1619     1619        F     2C32       0
                text4                              169C     169C       16     2D38       0
                text3                               80F      80F       29     101E       0
                text2                              16B2     16B2       19     2D64       0
                text1                               800      800        F     1000       0
                maintext                             6C       6C      585        8       0
                cstackBANK0                          20       20       2D       20       1
                cstackCOMMON                         72       72        5       70       1
                cstackBANK1                          EA       EA        6       A0       1
                clrtext                             7F8      7F8        8        8       0
                inittext                           1628     1628       11     2C50       0
                dataBANK2                           110      110       40      110       1
                dataBANK3                           190      190       28      190       1
                bssBANK3                            1B8      1B8       20      190       1
                dataBANK1                            D6       D6       14       A0       1
                bssBANK1                             A0       A0       36       A0       1
                dataBANK0                            67       67        7       20       1
                bssBANK0                             4D       4D       1A       20       1
                bssCOMMON                            77       77        3       70       1
                bitbssCOMMON                        380       70        A       70       1     8
                strings                            1000     1000       11     2000       0
                idataBANK3                         175C     175C       28     2EB8       0
                idataBANK2                          838      838       40     1070       0
                idataBANK1                         1673     1673       14     2CE6       0
                idataBANK0                         15F3     15F3        7     2BE6       0

TOTAL           Name                               Link     Load   Length     Space
        CLASS   STACK          

        CLASS   CODE           
                end_init                             12       12        3         0
                cinit                                15       15       57         0
                intentry                              4        4        E         0
                reset_vec                             0        0        3         0
                text27                             170E     170E       26         0
                text26                             1639     1639       13         0
                text25                             165F     165F       14         0
                text24                             15FA     15FA        9         0
                text23                             164C     164C       13         0
                text22                             16CB     16CB       20         0
                text21                              C9C      C9C      364         0
                text20                             1603     1603        A         0
                text19                             160D     160D        C         0
                text18                             1784     1784       3E         0
                text17                              878      878       45         0
                text16                              94A      94A       9B         0
                text15                             1687     1687       15         0
                text14                              8BD      8BD       8D         0
                text13                             17C2     17C2       3E         0
                text12                             16EB     16EB       23         0
                text11                              A86      A86      104         0
                text10                              B8A      B8A      112         0
                text9                              1734     1734       28         0
                text8                               9E5      9E5       A1         0
                text7                               5F1      5F1      115         0
                text6                               706      706       F2         0
                text5                              1619     1619        F         0
                text4                              169C     169C       16         0
                text3                               80F      80F       29         0
                text2                              16B2     16B2       19         0
                text1                               800      800        F         0
                maintext                             6C       6C      585         0
                clrtext                             7F8      7F8        8         0
                inittext                           1628     1628       11         0
                idataBANK3                         175C     175C       28         0
                idataBANK2                          838      838       40         0
                idataBANK1                         1673     1673       14         0
                idataBANK0                         15F3     15F3        7         0

        CLASS   STRCODE        

        CLASS   STRING         
                strings                            1000     1000       11         0

        CLASS   CONST          

        CLASS   ENTRY          

        CLASS   COMMON         
                cstackCOMMON                         72       72        5         1
                bssCOMMON                            77       77        3         1
                bitbssCOMMON                        380       70        A         1

        CLASS   BANK0          
                cstackBANK0                          20       20       2D         1
                dataBANK0                            67       67        7         1
                bssBANK0                             4D       4D       1A         1

        CLASS   BANK1          
                cstackBANK1                          EA       EA        6         1
                dataBANK1                            D6       D6       14         1
                bssBANK1                             A0       A0       36         1

        CLASS   BANK2          
                dataBANK2                           110      110       40         1

        CLASS   BANK3          
                dataBANK3                           190      190       28         1
                bssBANK3                            1B8      1B8       20         1

        CLASS   RAM            

        CLASS   ABS1           
                abs_s1                               7E       7E        2         1

        CLASS   SFR0           

        CLASS   SFR1           

        CLASS   SFR2           

        CLASS   SFR3           

        CLASS   CONFIG         
                config                             2007     2007        1         0

        CLASS   IDLOC          

        CLASS   EEDATA         



SEGMENTS        Name                           Load    Length   Top    Selector   Space  Class     Delta

                reset_vec                      000000  000003  000003         0       0  CODE        2
                intentry                       000004  0007FC  000800         8       0  CODE        2
                cstackBANK0                    000020  00004E  00006E        20       1  BANK0       1
                bitbssCOMMON                   000070  00000A  00007A        70       1  COMMON      1
                bssBANK1                       0000A0  000050  0000F0        A0       1  BANK1       1
                dataBANK2                      000110  000040  000150       110       1  BANK2       1
                dataBANK3                      000190  000048  0001D8       190       1  BANK3       1
                text1                          000800  00000F  00080F      1000       0  CODE        2
                text3                          00080F  000029  000838      101E       0  CODE        2
                idataBANK2                     000838  000040  000878      1070       0  CODE        2
                text17                         000878  000045  0008BD      10F0       0  CODE        2
                text14                         0008BD  00008D  00094A      117A       0  CODE        2
                text16                         00094A  00009B  0009E5      1294       0  CODE        2
                text8                          0009E5  0000A1  000A86      13CA       0  CODE        2
                text11                         000A86  000104  000B8A      150C       0  CODE        2
                text10                         000B8A  000112  000C9C      1714       0  CODE        2
                text21                         000C9C  000364  001000      1938       0  CODE        2
                strings                        001000  000011  001011      2000       0  STRING      2
                idataBANK0                     0015F3  000007  0015FA      2BE6       0  CODE        2
                text24                         0015FA  000009  001603      2BF4       0  CODE        2
                text20                         001603  00000A  00160D      2C06       0  CODE        2
                text19                         00160D  00000C  001619      2C1A       0  CODE        2
                text5                          001619  00000F  001628      2C32       0  CODE        2
                inittext                       001628  000011  001639      2C50       0  CODE        2
                text26                         001639  000013  00164C      2C72       0  CODE        2
                text23                         00164C  000013  00165F      2C98       0  CODE        2
                text25                         00165F  000014  001673      2CBE       0  CODE        2
                idataBANK1                     001673  000014  001687      2CE6       0  CODE        2
                text15                         001687  000015  00169C      2D0E       0  CODE        2
                text4                          00169C  000016  0016B2      2D38       0  CODE        2
                text2                          0016B2  000019  0016CB      2D64       0  CODE        2
                text22                         0016CB  000020  0016EB      2D96       0  CODE        2
                text12                         0016EB  000023  00170E      2DD6       0  CODE        2
                text27                         00170E  000026  001734      2E1C       0  CODE        2
                text9                          001734  000028  00175C      2E68       0  CODE        2
                idataBANK3                     00175C  000028  001784      2EB8       0  CODE        2
                text18                         001784  00003E  0017C2      2F08       0  CODE        2
                text13                         0017C2  00003E  001800      2F84       0  CODE        2
                config                         002007  000001  002008      400E       0  CONFIG      2


UNUSED ADDRESS RANGES

        Name                Unused          Largest block    Delta
        BANK0            006E-006F              2           1
        BANK2            0150-016F             20           1
        BANK3            01D8-01EF             18           1
        CODE             0003-0003              1           2
                         1011-15F2            5E2
                         1800-1FFF            800
        COMMON           007A-007D              4           1
        CONST            0003-0003              1           2
                         1011-15F2            100
                         1800-1FFF            100
        EEDATA           2100-21FF            100           2
        ENTRY            0003-0003              1           2
                         1011-15F2            100
                         1800-1FFF            100
        IDLOC            2000-2003              4           2
        RAM              006E-006F              2           1
                         0150-016F             20
                         01D8-01EF             18
        SFR0             0000-001F             20           1
        SFR1             0080-009F             20           1
        SFR2             0100-010F             10           1
        SFR3             0180-018F             10           1
        STACK            0150-016F             20           1
        STRCODE          0003-0003              1           2
                         1011-15F2            5E2
                         1800-1FFF            800
        STRING           0003-0003              1           2
                         1011-15F2            100
                         1800-1FFF            100

                                  Symbol Table

?___lwdiv                       cstackBANK0  0020
?___wmul                        cstackBANK0  0020
?_getSensorData                 cstackBANK0  0022
Drive1m@n                       cstackBANK0  0038
Drive1m@omni_IR                 cstackBANK0  0039
Drive@radH                      cstackBANK0  0022
Drive@radL                      cstackBANK0  0023
Drive@speedH                    cstackBANK0  0024
Drive@speedL                    cstackBANK0  0021
DriveDirect@VelocityLeft        cstackBANK0  0023
DriveDirect@VelocityRight       cstackBANK0  0021
DriveDirect@data                cstackBANK0  0026
DriveDirect@data_485            cstackBANK0  0028
PathTo@F1222                    dataBANK3    0190
PathTo@loop                     cstackBANK0  0043
PathTo@mazeGrid                 cstackBANK0  002D
PathTo@sum                      cstackBANK0  0042
PathTo@x_target                 cstackBANK0  0041
PathTo@y_target                 cstackBANK0  0025
TravelPath@n                    cstackBANK0  003C
Turn90@direction                cstackBANK0  002D
_ADCMain                        text15       1687
_ADCON0                         (abs)        001F
_ADCON1                         (abs)        009F
_ADC_ADJUST                     bssBANK0     004D
_ADJUSTED_SPEED_L               bssBANK1     00C0
_ADJUSTED_SPEED_R               bssBANK1     00C2
_ADRESH                         (abs)        001E
_ADRESL                         (abs)        009E
_CURRENT_SPEED_L                dataBANK0    006A
_CURRENT_SPEED_R                dataBANK0    006C
_Drive                          text9        1734
_Drive1m                        text10       0B8A
_DriveDirect                    text14       08BD
_GIE                            (abs)        005F
_GO                             (abs)        00FA
_IR_Wall                        bitbssCOMMON 0380
_LeftSpeedH                     bssBANK0     0053
_LeftSpeedL                     bssBANK0     0054
_OPTION_REG                     (abs)        0081
_PB7Counter                     bssBANK0     0055
_PB8Counter                     bssBANK0     0056
_PEIE                           (abs)        005E
_PORTA                          (abs)        0005
_PORTB                          (abs)        0006
_PORTC                          (abs)        0007
_PORTD                          (abs)        0008
_PORTE                          (abs)        0009
_PathTo                         text21       0C9C
_RB0                            (abs)        0030
_RB1                            (abs)        0031
_RB2                            (abs)        0032
_RB3                            (abs)        0033
_RC2                            (abs)        003A
_RCIF                           (abs)        0065
_RCREG                          (abs)        001A
_RCSTA                          (abs)        0018
_RE0                            (abs)        0048
_RE1                            (abs)        0049
_RE2                            (abs)        004A
_RightSpeedH                    bssBANK0     0057
_RightSpeedL                    bssBANK0     0058
_SPBRG                          (abs)        0099
_SSPBUF                         (abs)        0013
_SSPCON                         (abs)        0014
_SSPIF                          (abs)        0063
_SSPSTAT                        (abs)        0094
_TMR0                           (abs)        0001
_TMR0IE                         (abs)        005D
_TMR0IF                         (abs)        005A
_TRISA                          (abs)        0085
_TRISB                          (abs)        0086
_TRISC                          (abs)        0087
_TRISD                          (abs)        0088
_TRISE                          (abs)        0089
_TRMT                           (abs)        04C1
_TXREG                          (abs)        0019
_TXSTA                          (abs)        0098
_TravelPath                     text7        05F1
_Turn90                         text8        09E5
__CFG_BOREN$OFF                 (abs)        0000
__CFG_CP$OFF                    (abs)        0000
__CFG_CPD$OFF                   (abs)        0000
__CFG_FOSC$HS                   (abs)        0000
__CFG_LVP$OFF                   (abs)        0000
__CFG_PWRTE$OFF                 (abs)        0000
__CFG_WDTE$OFF                  (abs)        0000
__CFG_WRT$OFF                   (abs)        0000
__Habs1                         abs1         0000
__Hbank0                        bank0        0000
__Hbank1                        bank1        0000
__Hbank2                        bank2        0000
__Hbank3                        bank3        0000
__HbitbssCOMMON                 bitbssCOMMON 0000
__HbssBANK0                     bssBANK0     0000
__HbssBANK1                     bssBANK1     0000
__HbssBANK3                     bssBANK3     0000
__HbssCOMMON                    bssCOMMON    0000
__Hcinit                        cinit        006C
__Hclrtext                      clrtext      0000
__Hcode                         code         0000
__Hcommon                       common       0000
__Hconfig                       config       2008
__HcstackBANK0                  cstackBANK0  0000
__HcstackBANK1                  cstackBANK1  0000
__HcstackCOMMON                 cstackCOMMON 0000
__HdataBANK0                    dataBANK0    0000
__HdataBANK1                    dataBANK1    0000
__HdataBANK2                    dataBANK2    0000
__HdataBANK3                    dataBANK3    0000
__Heeprom_data                  eeprom_data  0000
__Hend_init                     end_init     0015
__Hfunctab                      functab      0000
__HidataBANK0                   idataBANK0   0000
__HidataBANK1                   idataBANK1   0000
__HidataBANK2                   idataBANK2   0000
__HidataBANK3                   idataBANK3   0000
__Hidloc                        idloc        0000
__Hinit                         init         0012
__Hinittext                     inittext     0000
__Hintentry                     intentry     0012
__Hmaintext                     maintext     0000
__Hpowerup                      powerup      0000
__Hram                          ram          0000
__Hreset_vec                    reset_vec    0003
__Hsfr0                         sfr0         0000
__Hsfr1                         sfr1         0000
__Hsfr2                         sfr2         0000
__Hsfr3                         sfr3         0000
__Hspace_0                      (abs)        2008
__Hspace_1                      (abs)        038A
__Hspace_2                      (abs)        0000
__Hspace_3                      (abs)        0000
__Hstack                        stack        0000
__Hstrings                      strings      0000
__Htext                         text         0000
__Labs1                         abs1         0000
__Lbank0                        bank0        0000
__Lbank1                        bank1        0000
__Lbank2                        bank2        0000
__Lbank3                        bank3        0000
__LbitbssCOMMON                 bitbssCOMMON 0000
__LbssBANK0                     bssBANK0     0000
__LbssBANK1                     bssBANK1     0000
__LbssBANK3                     bssBANK3     0000
__LbssCOMMON                    bssCOMMON    0000
__Lcinit                        cinit        0015
__Lclrtext                      clrtext      0000
__Lcode                         code         0000
__Lcommon                       common       0000
__Lconfig                       config       2007
__LcstackBANK0                  cstackBANK0  0000
__LcstackBANK1                  cstackBANK1  0000
__LcstackCOMMON                 cstackCOMMON 0000
__LdataBANK0                    dataBANK0    0000
__LdataBANK1                    dataBANK1    0000
__LdataBANK2                    dataBANK2    0000
__LdataBANK3                    dataBANK3    0000
__Leeprom_data                  eeprom_data  0000
__Lend_init                     end_init     0012
__Lfunctab                      functab      0000
__LidataBANK0                   idataBANK0   0000
__LidataBANK1                   idataBANK1   0000
__LidataBANK2                   idataBANK2   0000
__LidataBANK3                   idataBANK3   0000
__Lidloc                        idloc        0000
__Linit                         init         0012
__Linittext                     inittext     0000
__Lintentry                     intentry     0004
__Lmaintext                     maintext     0000
__Lpowerup                      powerup      0000
__Lram                          ram          0000
__Lreset_vec                    reset_vec    0000
__Lsfr0                         sfr0         0000
__Lsfr1                         sfr1         0000
__Lsfr2                         sfr2         0000
__Lsfr3                         sfr3         0000
__Lspace_0                      (abs)        0000
__Lspace_1                      (abs)        0000
__Lspace_2                      (abs)        0000
__Lspace_3                      (abs)        0000
__Lstack                        stack        0000
__Lstrings                      strings      0000
__Ltext                         text         0000
__S0                            (abs)        2008
__S1                            (abs)        01D8
__S2                            (abs)        0000
__S3                            (abs)        0000
___bmul                         text26       1639
___bmul@multiplicand            cstackBANK0  0020
___bmul@multiplier              cstackBANK0  0023
___bmul@product                 cstackBANK0  0022
___int_sp                       stack        0000
___latbits                      (abs)        0002
___lwdiv                        text13       17C2
___lwdiv@counter                cstackBANK0  0025
___lwdiv@dividend               cstackBANK0  0022
___lwdiv@divisor                cstackBANK0  0020
___lwdiv@quotient               cstackBANK0  0026
___sp                           stack        0000
___wmul                         text12       16EB
___wmul@multiplicand            cstackBANK0  0022
___wmul@multiplier              cstackBANK0  0020
___wmul@product                 cstackBANK0  0024
__end_of_ADCMain                text15       169C
__end_of_Drive                  text9        175C
__end_of_Drive1m                text10       0C9C
__end_of_DriveDirect            text14       094A
__end_of_PathTo                 text21       1000
__end_of_TravelPath             text7        0706
__end_of_Turn90                 text8        0A86
__end_of___bmul                 text26       164C
__end_of___lwdiv                text13       1800
__end_of___wmul                 text12       170E
__end_of__initialization        cinit        0068
__end_of__stringtab             strings      1006
__end_of_getADC                 text17       08BD
__end_of_getSensorData          text18       17C2
__end_of_isr                    text27       1734
__end_of_lcdSetCursor           text24       1603
__end_of_lcdWriteControl        text25       1673
__end_of_lcdWriteData           text23       165F
__end_of_lcdWriteString         text22       16EB
__end_of_lcdWriteToDigitBCD     text16       09E5
__end_of_main                   maintext     05F1
__end_of_re_route               text6        07F8
__end_of_ser_getch              text20       160D
__end_of_ser_init               text5        1628
__end_of_ser_putch              text19       1619
__end_of_setupADC               text4        16B2
__end_of_setupLCD               text3        0838
__end_of_setupSPI               text2        16CB
__end_of_spi_transfer           text1        080F
__end_of_wallFollow             text11       0B8A
__initialization                cinit        0015
__pbitbssCOMMON                 bitbssCOMMON 0380
__pbssBANK0                     bssBANK0     004D
__pbssBANK1                     bssBANK1     00A0
__pbssBANK3                     bssBANK3     01B8
__pbssCOMMON                    bssCOMMON    0077
__pcstackBANK0                  cstackBANK0  0020
__pcstackBANK1                  cstackBANK1  00EA
__pcstackCOMMON                 cstackCOMMON 0072
__pdataBANK0                    dataBANK0    0067
__pdataBANK1                    dataBANK1    00D6
__pdataBANK2                    dataBANK2    0110
__pdataBANK3                    dataBANK3    0190
__pidataBANK0                   idataBANK0   15F3
__pidataBANK1                   idataBANK1   1673
__pidataBANK2                   idataBANK2   0838
__pidataBANK3                   idataBANK3   175C
__pintentry                     intentry     0004
__pmaintext                     maintext     006C
__pstrings                      strings      1000
__ptext1                        text1        0800
__ptext10                       text10       0B8A
__ptext11                       text11       0A86
__ptext12                       text12       16EB
__ptext13                       text13       17C2
__ptext14                       text14       08BD
__ptext15                       text15       1687
__ptext16                       text16       094A
__ptext17                       text17       0878
__ptext18                       text18       1784
__ptext19                       text19       160D
__ptext2                        text2        16B2
__ptext20                       text20       1603
__ptext21                       text21       0C9C
__ptext22                       text22       16CB
__ptext23                       text23       164C
__ptext24                       text24       15FA
__ptext25                       text25       165F
__ptext26                       text26       1639
__ptext27                       text27       170E
__ptext3                        text3        080F
__ptext4                        text4        169C
__ptext5                        text5        1619
__ptext6                        text6        0706
__ptext7                        text7        05F1
__ptext8                        text8        09E5
__ptext9                        text9        1734
__size_of_ADCMain               (abs)        0000
__size_of_Drive                 (abs)        0000
__size_of_Drive1m               (abs)        0000
__size_of_DriveDirect           (abs)        0000
__size_of_PathTo                (abs)        0000
__size_of_TravelPath            (abs)        0000
__size_of_Turn90                (abs)        0000
__size_of___bmul                (abs)        0000
__size_of___lwdiv               (abs)        0000
__size_of___wmul                (abs)        0000
__size_of_getADC                (abs)        0000
__size_of_getSensorData         (abs)        0000
__size_of_isr                   (abs)        0000
__size_of_lcdSetCursor          (abs)        0000
__size_of_lcdWriteControl       (abs)        0000
__size_of_lcdWriteData          (abs)        0000
__size_of_lcdWriteString        (abs)        0000
__size_of_lcdWriteToDigitBCD    (abs)        0000
__size_of_main                  (abs)        0000
__size_of_re_route              (abs)        0000
__size_of_ser_getch             (abs)        0000
__size_of_ser_init              (abs)        0000
__size_of_ser_putch             (abs)        0000
__size_of_setupADC              (abs)        0000
__size_of_setupLCD              (abs)        0000
__size_of_setupSPI              (abs)        0000
__size_of_spi_transfer          (abs)        0000
__size_of_wallFollow            (abs)        0000
__stringbase                    strings      1005
__stringtab                     strings      1000
_adcRAW                         bssBANK0     004F
_angle                          bssCOMMON    0077
_c                              bssBANK0     0059
_distance                       bssBANK0     0051
_down                           bitbssCOMMON 0381
_getADC                         text17       0878
_getSensorData                  text18       1784
_gridWalls                      dataBANK2    0110
_highByte                       bssCOMMON    0079
_homeBase                       bitbssCOMMON 0382
_intersection_orientation       bssBANK0     005A
_isr                            text27       170E
_lcdSetCursor                   text24       15FA
_lcdWriteControl                text25       165F
_lcdWriteData                   text23       164C
_lcdWriteString                 text22       16CB
_lcdWriteToDigitBCD             text16       094A
_left                           bitbssCOMMON 0383
_leftWall                       bitbssCOMMON 0384
_loop                           bssBANK1     00CA
_lowByte                        bssBANK0     005B
_main                           maintext     006C
_mazeGridDefault                dataBANK1    00D6
_orientation                    dataBANK0    0067
_orientation_path               bssBANK0     005C
_path                           bssBANK3     01B8
_pathCount                      bssBANK0     005D
_pathCountShortest              dataBANK0    0068
_pathShortest                   bssBANK1     00A0
_r                              bssBANK0     005E
_re_route                       text6        0706
_reset_flag                     bitbssCOMMON 0385
_right                          bitbssCOMMON 0386
_routing                        bitbssCOMMON 0387
_ser_getch                      text20       1603
_ser_init                       text5        1619
_ser_putch                      text19       160D
_setupADC                       text4        169C
_setupLCD                       text3        080F
_setupSPI                       text2        16B2
_spi_transfer                   text1        0800
_targets                        bssBANK0     005F
_targets_found                  bitbssCOMMON 0388
_time_count                     bssBANK1     00CC
_up                             bitbssCOMMON 0389
_wallFollow                     text11       0A86
_x                              dataBANK0    0069
_x_goto                         bssBANK0     0060
_x_int                          bssBANK0     0061
_x_path                         bssBANK0     0062
_x_target                       bssBANK1     00D4
_y                              bssBANK0     0063
_y_goto                         bssBANK0     0064
_y_int                          bssBANK0     0065
_y_path                         bssBANK0     0066
_y_target                       bssBANK1     00D5
btemp                           (abs)        007E
clear_ram0                      clrtext      07F8
end_of_initialization           cinit        0068
getSensorData@bytes             cstackBANK0  0022
getSensorData@packetID          cstackBANK0  0026
getSensorData@sensor            cstackBANK0  0027
init_fetch0                     inittext     1628
init_ram0                       inittext     162C
interrupt_function              intentry     0004
intlevel0                       functab      0000
intlevel1                       functab      0000
intlevel2                       functab      0000
intlevel3                       functab      0000
intlevel4                       functab      0000
intlevel5                       functab      0000
lcdSetCursor@address            cstackBANK0  0023
lcdWriteControl@databyte        cstackBANK0  0022
lcdWriteData@databyte           cstackBANK0  0022
lcdWriteString@s                cstackBANK0  0024
lcdWriteToDigitBCD@HunsDigit    cstackBANK0  0027
lcdWriteToDigitBCD@OnesDigit    cstackBANK0  002D
lcdWriteToDigitBCD@TenThouDigit cstackBANK0  002B
lcdWriteToDigitBCD@TensDigit    cstackBANK0  0025
lcdWriteToDigitBCD@ThouDigit    cstackBANK0  0029
lcdWriteToDigitBCD@data         cstackBANK0  0023
ltemp                           (abs)        007E
ltemp0                          (abs)        007E
ltemp1                          (abs)        0082
ltemp2                          (abs)        0086
ltemp3                          (abs)        0080
main@controlByte                cstackBANK1  00EA
main@fifth                      cstackBANK1  00EF
main@first                      cstackBANK1  00EB
main@fourth                     cstackBANK1  00EE
main@second                     cstackBANK1  00EC
main@third                      cstackBANK1  00ED
reset_vec                       reset_vec    0000
saved_w                         (abs)        007E
ser_getch@rxbyte                cstackBANK0  0021
ser_putch@c                     cstackBANK0  0020
spi_transfer@data               cstackBANK0  0022
spi_transfer@temp               cstackBANK0  0021
stackhi                         (abs)        0000
stacklo                         (abs)        0000
start                           init         0012
start_initialization            cinit        0015
ttemp                           (abs)        007E
ttemp0                          (abs)        007E
ttemp1                          (abs)        0081
ttemp2                          (abs)        0084
ttemp3                          (abs)        0087
ttemp4                          (abs)        007F
wallFollow@setADCdist           cstackBANK0  0033
wtemp                           (abs)        007E
wtemp0                          (abs)        007E
wtemp1                          (abs)        0080
wtemp2                          (abs)        0082
wtemp3                          (abs)        0084
wtemp4                          (abs)        0086
wtemp5                          (abs)        0088
wtemp6                          (abs)        007F


FUNCTION INFORMATION:

 *************** function _main *****************
 Defined at:
		line 517 in file "main.c"
 Parameters:    Size  Location     Type
		None
 Auto vars:     Size  Location     Type
  fifth           1    5[BANK1 ] unsigned char 
  fourth          1    4[BANK1 ] unsigned char 
  third           1    3[BANK1 ] unsigned char 
  second          1    2[BANK1 ] unsigned char 
  first           1    1[BANK1 ] unsigned char 
  controlByte     1    0[BANK1 ] unsigned char 
 Return value:  Size  Location     Type
                  1    wreg      void 
 Registers used:
		wreg, fsr0l, fsr0h, status,2, status,0, btemp+1, pclath, cstack
 Tracked objects:
		On entry : 
		On exit  : 
		Unchanged: 
 Data sizes:     COMMON   BANK0   BANK1   BANK3   BANK2
      Params:         0       0       0       0       0
      Locals:         0       0       6       0       0
      Temps:          0       3       0       0       0
      Totals:         0       3       6       0       0
Total ram usage:        9 bytes
 Hardware stack levels required when called:    8
 This function calls:
		_DriveDirect
		_PathTo
		_TravelPath
		_re_route
		_ser_init
		_ser_putch
		_setupADC
		_setupLCD
		_setupSPI
		_spi_transfer
 This function is called by:
		Startup code after reset
 This function uses a non-reentrant model


 *************** function _spi_transfer *****************
 Defined at:
		line 22 in file "SPI.c"
 Parameters:    Size  Location     Type
  data            1    wreg     unsigned char 
 Auto vars:     Size  Location     Type
  data            1    2[BANK0 ] unsigned char 
  temp            1    1[BANK0 ] unsigned char 
 Return value:  Size  Location     Type
                  1    wreg      unsigned char 
 Registers used:
		wreg, status,2
 Tracked objects:
		On entry : 
		On exit  : 
		Unchanged: 
 Data sizes:     COMMON   BANK0   BANK1   BANK3   BANK2
      Params:         0       0       0       0       0
      Locals:         0       2       0       0       0
      Temps:          0       1       0       0       0
      Totals:         0       3       0       0       0
Total ram usage:        3 bytes
 Hardware stack levels used:    1
 Hardware stack levels required when called:    1
 This function calls:
		Nothing
 This function is called by:
		_main
		_stepCCW
		_stepCW
 This function uses a non-reentrant model


 *************** function _setupSPI *****************
 Defined at:
		line 4 in file "SPI.c"
 Parameters:    Size  Location     Type
		None
 Auto vars:     Size  Location     Type
		None
 Return value:  Size  Location     Type
                  1    wreg      void 
 Registers used:
		wreg
 Tracked objects:
		On entry : 
		On exit  : 
		Unchanged: 
 Data sizes:     COMMON   BANK0   BANK1   BANK3   BANK2
      Params:         0       0       0       0       0
      Locals:         0       0       0       0       0
      Temps:          0       0       0       0       0
      Totals:         0       0       0       0       0
Total ram usage:        0 bytes
 Hardware stack levels used:    1
 Hardware stack levels required when called:    1
 This function calls:
		Nothing
 This function is called by:
		_main
 This function uses a non-reentrant model


 *************** function _setupLCD *****************
 Defined at:
		line 86 in file "LCD.c"
 Parameters:    Size  Location     Type
		None
 Auto vars:     Size  Location     Type
		None
 Return value:  Size  Location     Type
                  1    wreg      void 
 Registers used:
		wreg, status,2, status,0, pclath, cstack
 Tracked objects:
		On entry : 
		On exit  : 
		Unchanged: 
 Data sizes:     COMMON   BANK0   BANK1   BANK3   BANK2
      Params:         0       0       0       0       0
      Locals:         0       0       0       0       0
      Temps:          0       0       0       0       0
      Totals:         0       0       0       0       0
Total ram usage:        0 bytes
 Hardware stack levels used:    1
 Hardware stack levels required when called:    2
 This function calls:
		_lcdWriteControl
 This function is called by:
		_main
 This function uses a non-reentrant model


 *************** function _setupADC *****************
 Defined at:
		line 5 in file "ADC.c"
 Parameters:    Size  Location     Type
		None
 Auto vars:     Size  Location     Type
		None
 Return value:  Size  Location     Type
                  1    wreg      void 
 Registers used:
		wreg, status,2
 Tracked objects:
		On entry : 
		On exit  : 
		Unchanged: 
 Data sizes:     COMMON   BANK0   BANK1   BANK3   BANK2
      Params:         0       0       0       0       0
      Locals:         0       0       0       0       0
      Temps:          0       1       0       0       0
      Totals:         0       1       0       0       0
Total ram usage:        1 bytes
 Hardware stack levels used:    1
 Hardware stack levels required when called:    1
 This function calls:
		Nothing
 This function is called by:
		_main
 This function uses a non-reentrant model


 *************** function _ser_init *****************
 Defined at:
		line 5 in file "ser.c"
 Parameters:    Size  Location     Type
		None
 Auto vars:     Size  Location     Type
		None
 Return value:  Size  Location     Type
                  1    wreg      void 
 Registers used:
		wreg
 Tracked objects:
		On entry : 
		On exit  : 
		Unchanged: 
 Data sizes:     COMMON   BANK0   BANK1   BANK3   BANK2
      Params:         0       0       0       0       0
      Locals:         0       0       0       0       0
      Temps:          0       0       0       0       0
      Totals:         0       0       0       0       0
Total ram usage:        0 bytes
 Hardware stack levels used:    1
 Hardware stack levels required when called:    1
 This function calls:
		Nothing
 This function is called by:
		_main
 This function uses a non-reentrant model


 *************** function _re_route *****************
 Defined at:
		line 469 in file "main.c"
 Parameters:    Size  Location     Type
		None
 Auto vars:     Size  Location     Type
		None
 Return value:  Size  Location     Type
                  1    wreg      void 
 Registers used:
		wreg, fsr0l, fsr0h, status,2, status,0, btemp+1, pclath, cstack
 Tracked objects:
		On entry : 
		On exit  : 
		Unchanged: 
 Data sizes:     COMMON   BANK0   BANK1   BANK3   BANK2
      Params:         0       0       0       0       0
      Locals:         0       0       0       0       0
      Temps:          0       5       0       0       0
      Totals:         0       5       0       0       0
Total ram usage:        5 bytes
 Hardware stack levels used:    1
 Hardware stack levels required when called:    7
 This function calls:
		_DriveDirect
		_PathTo
		_TravelPath
		_Turn90
		___bmul
		_getSensorData
 This function is called by:
		_main
 This function uses a non-reentrant model


 *************** function _TravelPath *****************
 Defined at:
		line 402 in file "main.c"
 Parameters:    Size  Location     Type
		None
 Auto vars:     Size  Location     Type
  n               1   28[BANK0 ] unsigned char 
 Return value:  Size  Location     Type
                  1    wreg      void 
 Registers used:
		wreg, fsr0l, fsr0h, status,2, status,0, btemp+1, pclath, cstack
 Tracked objects:
		On entry : 
		On exit  : 
		Unchanged: 
 Data sizes:     COMMON   BANK0   BANK1   BANK3   BANK2
      Params:         0       0       0       0       0
      Locals:         0       1       0       0       0
      Temps:          0       2       0       0       0
      Totals:         0       3       0       0       0
Total ram usage:        3 bytes
 Hardware stack levels used:    1
 Hardware stack levels required when called:    6
 This function calls:
		_Drive1m
		_Turn90
 This function is called by:
		_re_route
		_main
 This function uses a non-reentrant model


 *************** function _Turn90 *****************
 Defined at:
		line 371 in file "main.c"
 Parameters:    Size  Location     Type
  direction       1    wreg     unsigned char 
 Auto vars:     Size  Location     Type
  direction       1   13[BANK0 ] unsigned char 
 Return value:  Size  Location     Type
                  1    wreg      void 
 Registers used:
		wreg, status,2, status,0, btemp+1, pclath, cstack
 Tracked objects:
		On entry : 
		On exit  : 
		Unchanged: 
 Data sizes:     COMMON   BANK0   BANK1   BANK3   BANK2
      Params:         0       0       0       0       0
      Locals:         0       1       0       0       0
      Temps:          0       3       0       0       0
      Totals:         0       4       0       0       0
Total ram usage:        4 bytes
 Hardware stack levels used:    1
 Hardware stack levels required when called:    3
 This function calls:
		_Drive
		_DriveDirect
		_getSensorData
 This function is called by:
		_TravelPath
		_re_route
 This function uses a non-reentrant model


 *************** function _Drive *****************
 Defined at:
		line 45 in file "ser.c"
 Parameters:    Size  Location     Type
  speedH          1    wreg     unsigned char 
  speedL          1    1[BANK0 ] unsigned char 
  radH            1    2[BANK0 ] unsigned char 
  radL            1    3[BANK0 ] unsigned char 
 Auto vars:     Size  Location     Type
  speedH          1    4[BANK0 ] unsigned char 
 Return value:  Size  Location     Type
                  1    wreg      void 
 Registers used:
		wreg, status,2, status,0, pclath, cstack
 Tracked objects:
		On entry : 
		On exit  : 
		Unchanged: 
 Data sizes:     COMMON   BANK0   BANK1   BANK3   BANK2
      Params:         0       3       0       0       0
      Locals:         0       1       0       0       0
      Temps:          0       0       0       0       0
      Totals:         0       4       0       0       0
Total ram usage:        4 bytes
 Hardware stack levels used:    1
 Hardware stack levels required when called:    2
 This function calls:
		_ser_putch
 This function is called by:
		_Turn90
 This function uses a non-reentrant model


 *************** function _Drive1m *****************
 Defined at:
		line 275 in file "main.c"
 Parameters:    Size  Location     Type
		None
 Auto vars:     Size  Location     Type
  n               1   24[BANK0 ] unsigned char 
  omni_IR         1   25[BANK0 ] unsigned char 
 Return value:  Size  Location     Type
                  1    wreg      void 
 Registers used:
		wreg, fsr0l, fsr0h, status,2, status,0, btemp+1, pclath, cstack
 Tracked objects:
		On entry : 
		On exit  : 
		Unchanged: 
 Data sizes:     COMMON   BANK0   BANK1   BANK3   BANK2
      Params:         0       0       0       0       0
      Locals:         0       2       0       0       0
      Temps:          0       3       0       0       0
      Totals:         0       5       0       0       0
Total ram usage:        5 bytes
 Hardware stack levels used:    1
 Hardware stack levels required when called:    5
 This function calls:
		_DriveDirect
		_getSensorData
		_ser_putch
		_wallFollow
 This function is called by:
		_TravelPath
 This function uses a non-reentrant model


 *************** function _wallFollow *****************
 Defined at:
		line 14 in file "main.c"
 Parameters:    Size  Location     Type
		None
 Auto vars:     Size  Location     Type
  setADCdist      2   19[BANK0 ] unsigned int 
 Return value:  Size  Location     Type
                  1    wreg      void 
 Registers used:
		wreg, fsr0l, fsr0h, status,2, status,0, btemp+1, pclath, cstack
 Tracked objects:
		On entry : 
		On exit  : 
		Unchanged: 
 Data sizes:     COMMON   BANK0   BANK1   BANK3   BANK2
      Params:         0       0       0       0       0
      Locals:         0       2       0       0       0
      Temps:          0       4       0       0       0
      Totals:         0       6       0       0       0
Total ram usage:        6 bytes
 Hardware stack levels used:    1
 Hardware stack levels required when called:    4
 This function calls:
		_ADCMain
		_DriveDirect
		___lwdiv
		___wmul
 This function is called by:
		_Drive1m
 This function uses a non-reentrant model


 *************** function ___wmul *****************
 Defined at:
		line 15 in file "C:\Program Files (x86)\Microchip\xc8\v1.38\sources\common\Umul16.c"
 Parameters:    Size  Location     Type
  multiplier      2    0[BANK0 ] unsigned int 
  multiplicand    2    2[BANK0 ] unsigned int 
 Auto vars:     Size  Location     Type
  product         2    4[BANK0 ] unsigned int 
 Return value:  Size  Location     Type
                  2    0[BANK0 ] unsigned int 
 Registers used:
		wreg, status,2, status,0
 Tracked objects:
		On entry : 
		On exit  : 
		Unchanged: 
 Data sizes:     COMMON   BANK0   BANK1   BANK3   BANK2
      Params:         0       4       0       0       0
      Locals:         0       2       0       0       0
      Temps:          0       0       0       0       0
      Totals:         0       6       0       0       0
Total ram usage:        6 bytes
 Hardware stack levels used:    1
 Hardware stack levels required when called:    1
 This function calls:
		Nothing
 This function is called by:
		_wallFollow
 This function uses a non-reentrant model


 *************** function ___lwdiv *****************
 Defined at:
		line 6 in file "C:\Program Files (x86)\Microchip\xc8\v1.38\sources\common\lwdiv.c"
 Parameters:    Size  Location     Type
  divisor         2    0[BANK0 ] unsigned int 
  dividend        2    2[BANK0 ] unsigned int 
 Auto vars:     Size  Location     Type
  quotient        2    6[BANK0 ] unsigned int 
  counter         1    5[BANK0 ] unsigned char 
 Return value:  Size  Location     Type
                  2    0[BANK0 ] unsigned int 
 Registers used:
		wreg, status,2, status,0
 Tracked objects:
		On entry : 
		On exit  : 
		Unchanged: 
 Data sizes:     COMMON   BANK0   BANK1   BANK3   BANK2
      Params:         0       4       0       0       0
      Locals:         0       3       0       0       0
      Temps:          0       1       0       0       0
      Totals:         0       8       0       0       0
Total ram usage:        8 bytes
 Hardware stack levels used:    1
 Hardware stack levels required when called:    1
 This function calls:
		Nothing
 This function is called by:
		_wallFollow
 This function uses a non-reentrant model


 *************** function _DriveDirect *****************
 Defined at:
		line 54 in file "ser.c"
 Parameters:    Size  Location     Type
  VelocityRigh    2    1[BANK0 ] int 
  VelocityLeft    2    3[BANK0 ] int 
 Auto vars:     Size  Location     Type
  data            2    8[BANK0 ] unsigned int 
  data            2    6[BANK0 ] unsigned int 
 Return value:  Size  Location     Type
                  1    wreg      void 
 Registers used:
		wreg, status,2, status,0, btemp+1, pclath, cstack
 Tracked objects:
		On entry : 
		On exit  : 
		Unchanged: 
 Data sizes:     COMMON   BANK0   BANK1   BANK3   BANK2
      Params:         0       4       0       0       0
      Locals:         0       4       0       0       0
      Temps:          0       1       0       0       0
      Totals:         0       9       0       0       0
Total ram usage:        9 bytes
 Hardware stack levels used:    1
 Hardware stack levels required when called:    2
 This function calls:
		_ser_putch
 This function is called by:
		_wallFollow
		_Drive1m
		_Turn90
		_re_route
		_main
 This function uses a non-reentrant model


 *************** function _ADCMain *****************
 Defined at:
		line 16 in file "ADC.c"
 Parameters:    Size  Location     Type
		None
 Auto vars:     Size  Location     Type
		None
 Return value:  Size  Location     Type
                  1    wreg      void 
 Registers used:
		wreg, fsr0l, fsr0h, status,2, status,0, pclath, cstack
 Tracked objects:
		On entry : 
		On exit  : 
		Unchanged: 
 Data sizes:     COMMON   BANK0   BANK1   BANK3   BANK2
      Params:         0       0       0       0       0
      Locals:         0       0       0       0       0
      Temps:          0       0       0       0       0
      Totals:         0       0       0       0       0
Total ram usage:        0 bytes
 Hardware stack levels used:    1
 Hardware stack levels required when called:    3
 This function calls:
		_getADC
		_lcdSetCursor
		_lcdWriteToDigitBCD
 This function is called by:
		_wallFollow
 This function uses a non-reentrant model


 *************** function _lcdWriteToDigitBCD *****************
 Defined at:
		line 38 in file "LCD.c"
 Parameters:    Size  Location     Type
  data            2    3[BANK0 ] unsigned int 
 Auto vars:     Size  Location     Type
  OnesDigit       2   13[BANK0 ] unsigned int 
  TenThouDigit    2   11[BANK0 ] unsigned int 
  ThouDigit       2    9[BANK0 ] unsigned int 
  HunsDigit       2    7[BANK0 ] unsigned int 
  TensDigit       2    5[BANK0 ] unsigned int 
 Return value:  Size  Location     Type
                  1    wreg      void 
 Registers used:
		wreg, status,2, status,0, pclath, cstack
 Tracked objects:
		On entry : 
		On exit  : 
		Unchanged: 
 Data sizes:     COMMON   BANK0   BANK1   BANK3   BANK2
      Params:         0       2       0       0       0
      Locals:         0      10       0       0       0
      Temps:          0       0       0       0       0
      Totals:         0      12       0       0       0
Total ram usage:       12 bytes
 Hardware stack levels used:    1
 Hardware stack levels required when called:    2
 This function calls:
		_lcdWriteData
 This function is called by:
		_ADCMain
 This function uses a non-reentrant model


 *************** function _getADC *****************
 Defined at:
		line 25 in file "ADC.c"
 Parameters:    Size  Location     Type
		None
 Auto vars:     Size  Location     Type
		None
 Return value:  Size  Location     Type
                  2  626[None  ] unsigned int 
 Registers used:
		wreg, fsr0l, fsr0h, status,2, status,0
 Tracked objects:
		On entry : 
		On exit  : 
		Unchanged: 
 Data sizes:     COMMON   BANK0   BANK1   BANK3   BANK2
      Params:         0       0       0       0       0
      Locals:         0       0       0       0       0
      Temps:          0       2       0       0       0
      Totals:         0       2       0       0       0
Total ram usage:        2 bytes
 Hardware stack levels used:    1
 Hardware stack levels required when called:    1
 This function calls:
		Nothing
 This function is called by:
		_ADCMain
 This function uses a non-reentrant model


 *************** function _getSensorData *****************
 Defined at:
		line 85 in file "ser.c"
 Parameters:    Size  Location     Type
  packetID        1    wreg     unsigned char 
  bytes           1    2[BANK0 ] unsigned char 
 Auto vars:     Size  Location     Type
  packetID        1    6[BANK0 ] unsigned char 
  sensor          2    7[BANK0 ] int 
 Return value:  Size  Location     Type
                  2    2[BANK0 ] int 
 Registers used:
		wreg, status,2, status,0, btemp+1, pclath, cstack
 Tracked objects:
		On entry : 
		On exit  : 
		Unchanged: 
 Data sizes:     COMMON   BANK0   BANK1   BANK3   BANK2
      Params:         0       2       0       0       0
      Locals:         0       3       0       0       0
      Temps:          0       2       0       0       0
      Totals:         0       7       0       0       0
Total ram usage:        7 bytes
 Hardware stack levels used:    1
 Hardware stack levels required when called:    2
 This function calls:
		_ser_getch
		_ser_putch
 This function is called by:
		_Drive1m
		_Turn90
		_re_route
 This function uses a non-reentrant model


 *************** function _ser_putch *****************
 Defined at:
		line 30 in file "ser.c"
 Parameters:    Size  Location     Type
  c               1    wreg     unsigned char 
 Auto vars:     Size  Location     Type
  c               1    0[BANK0 ] unsigned char 
 Return value:  Size  Location     Type
                  1    wreg      void 
 Registers used:
		wreg
 Tracked objects:
		On entry : 
		On exit  : 
		Unchanged: 
 Data sizes:     COMMON   BANK0   BANK1   BANK3   BANK2
      Params:         0       0       0       0       0
      Locals:         0       1       0       0       0
      Temps:          0       0       0       0       0
      Totals:         0       1       0       0       0
Total ram usage:        1 bytes
 Hardware stack levels used:    1
 Hardware stack levels required when called:    1
 This function calls:
		Nothing
 This function is called by:
		_Drive1m
		_main
		_Drive
		_DriveDirect
		_getSensorData
 This function uses a non-reentrant model


 *************** function _ser_getch *****************
 Defined at:
		line 35 in file "ser.c"
 Parameters:    Size  Location     Type
		None
 Auto vars:     Size  Location     Type
  rxbyte          1    1[BANK0 ] unsigned char 
 Return value:  Size  Location     Type
                  1    wreg      unsigned char 
 Registers used:
		wreg
 Tracked objects:
		On entry : 
		On exit  : 
		Unchanged: 
 Data sizes:     COMMON   BANK0   BANK1   BANK3   BANK2
      Params:         0       0       0       0       0
      Locals:         0       1       0       0       0
      Temps:          0       1       0       0       0
      Totals:         0       2       0       0       0
Total ram usage:        2 bytes
 Hardware stack levels used:    1
 Hardware stack levels required when called:    1
 This function calls:
		Nothing
 This function is called by:
		_getSensorData
 This function uses a non-reentrant model


 *************** function _PathTo *****************
 Defined at:
		line 49 in file "main.c"
 Parameters:    Size  Location     Type
  x_target        1    wreg     unsigned char 
  y_target        1    5[BANK0 ] unsigned char 
 Auto vars:     Size  Location     Type
  x_target        1   33[BANK0 ] unsigned char 
  sum             1   34[BANK0 ] unsigned char 
  loop            2   35[BANK0 ] int 
  mazeGrid       20   13[BANK0 ] unsigned char [5][4]
 Return value:  Size  Location     Type
                  1    wreg      void 
 Registers used:
		wreg, fsr0l, fsr0h, status,2, status,0, btemp+1, pclath, cstack
 Tracked objects:
		On entry : 
		On exit  : 
		Unchanged: 
 Data sizes:     COMMON   BANK0   BANK1   BANK3   BANK2
      Params:         0       1       0       0       0
      Locals:         0      24       0       0       0
      Temps:          0       7       0       0       0
      Totals:         0      32       0       0       0
Total ram usage:       32 bytes
 Hardware stack levels used:    1
 Hardware stack levels required when called:    3
 This function calls:
		___bmul
		_lcdSetCursor
		_lcdWriteString
 This function is called by:
		_re_route
		_main
 This function uses a non-reentrant model


 *************** function _lcdWriteString *****************
 Defined at:
		line 32 in file "LCD.c"
 Parameters:    Size  Location     Type
  s               1    wreg     PTR unsigned char 
		 -> STR_1(11), 
 Auto vars:     Size  Location     Type
  s               1    4[BANK0 ] PTR unsigned char 
		 -> STR_1(11), 
 Return value:  Size  Location     Type
                  1    wreg      void 
 Registers used:
		wreg, fsr0l, fsr0h, status,2, status,0, pclath, cstack
 Tracked objects:
		On entry : 
		On exit  : 
		Unchanged: 
 Data sizes:     COMMON   BANK0   BANK1   BANK3   BANK2
      Params:         0       0       0       0       0
      Locals:         0       1       0       0       0
      Temps:          0       1       0       0       0
      Totals:         0       2       0       0       0
Total ram usage:        2 bytes
 Hardware stack levels used:    1
 Hardware stack levels required when called:    2
 This function calls:
		_lcdWriteData
 This function is called by:
		_PathTo
 This function uses a non-reentrant model


 *************** function _lcdWriteData *****************
 Defined at:
		line 16 in file "LCD.c"
 Parameters:    Size  Location     Type
  databyte        1    wreg     unsigned char 
 Auto vars:     Size  Location     Type
  databyte        1    2[BANK0 ] unsigned char 
 Return value:  Size  Location     Type
                  1    wreg      void 
 Registers used:
		wreg
 Tracked objects:
		On entry : 
		On exit  : 
		Unchanged: 
 Data sizes:     COMMON   BANK0   BANK1   BANK3   BANK2
      Params:         0       0       0       0       0
      Locals:         0       1       0       0       0
      Temps:          0       2       0       0       0
      Totals:         0       3       0       0       0
Total ram usage:        3 bytes
 Hardware stack levels used:    1
 Hardware stack levels required when called:    1
 This function calls:
		Nothing
 This function is called by:
		_lcdWriteString
		_lcdWriteToDigitBCD
 This function uses a non-reentrant model


 *************** function _lcdSetCursor *****************
 Defined at:
		line 27 in file "LCD.c"
 Parameters:    Size  Location     Type
  address         1    wreg     unsigned char 
 Auto vars:     Size  Location     Type
  address         1    3[BANK0 ] unsigned char 
 Return value:  Size  Location     Type
                  1    wreg      void 
 Registers used:
		wreg, status,2, status,0, pclath, cstack
 Tracked objects:
		On entry : 
		On exit  : 
		Unchanged: 
 Data sizes:     COMMON   BANK0   BANK1   BANK3   BANK2
      Params:         0       0       0       0       0
      Locals:         0       1       0       0       0
      Temps:          0       0       0       0       0
      Totals:         0       1       0       0       0
Total ram usage:        1 bytes
 Hardware stack levels used:    1
 Hardware stack levels required when called:    2
 This function calls:
		_lcdWriteControl
 This function is called by:
		_PathTo
		_ADCMain
 This function uses a non-reentrant model


 *************** function _lcdWriteControl *****************
 Defined at:
		line 5 in file "LCD.c"
 Parameters:    Size  Location     Type
  databyte        1    wreg     unsigned char 
 Auto vars:     Size  Location     Type
  databyte        1    2[BANK0 ] unsigned char 
 Return value:  Size  Location     Type
                  1    wreg      void 
 Registers used:
		wreg
 Tracked objects:
		On entry : 
		On exit  : 
		Unchanged: 
 Data sizes:     COMMON   BANK0   BANK1   BANK3   BANK2
      Params:         0       0       0       0       0
      Locals:         0       1       0       0       0
      Temps:          0       2       0       0       0
      Totals:         0       3       0       0       0
Total ram usage:        3 bytes
 Hardware stack levels used:    1
 Hardware stack levels required when called:    1
 This function calls:
		Nothing
 This function is called by:
		_lcdSetCursor
		_setupLCD
 This function uses a non-reentrant model


 *************** function ___bmul *****************
 Defined at:
		line 4 in file "C:\Program Files (x86)\Microchip\xc8\v1.38\sources\common\Umul8.c"
 Parameters:    Size  Location     Type
  multiplier      1    wreg     unsigned char 
  multiplicand    1    0[BANK0 ] unsigned char 
 Auto vars:     Size  Location     Type
  multiplier      1    3[BANK0 ] unsigned char 
  product         1    2[BANK0 ] unsigned char 
 Return value:  Size  Location     Type
                  1    wreg      unsigned char 
 Registers used:
		wreg, status,2, status,0
 Tracked objects:
		On entry : 
		On exit  : 
		Unchanged: 
 Data sizes:     COMMON   BANK0   BANK1   BANK3   BANK2
      Params:         0       1       0       0       0
      Locals:         0       2       0       0       0
      Temps:          0       1       0       0       0
      Totals:         0       4       0       0       0
Total ram usage:        4 bytes
 Hardware stack levels used:    1
 Hardware stack levels required when called:    1
 This function calls:
		Nothing
 This function is called by:
		_PathTo
		_re_route
 This function uses a non-reentrant model


 *************** function _isr *****************
 Defined at:
		line 504 in file "main.c"
 Parameters:    Size  Location     Type
		None
 Auto vars:     Size  Location     Type
		None
 Return value:  Size  Location     Type
                  1    wreg      void 
 Registers used:
		wreg, status,2, status,0
 Tracked objects:
		On entry : 
		On exit  : 
		Unchanged: 
 Data sizes:     COMMON   BANK0   BANK1   BANK3   BANK2
      Params:         0       0       0       0       0
      Locals:         0       0       0       0       0
      Temps:          5       0       0       0       0
      Totals:         5       0       0       0       0
Total ram usage:        5 bytes
 Hardware stack levels used:    1
 This function calls:
		Nothing
 This function is called by:
		Interrupt level 1
 This function uses a non-reentrant model



MODULE INFORMATION

Module		Function		Class		Link	Load	Size
C:\Program Files (x86)\Microchip\xc8\v1.38\sources\common\Umul16.c
		___wmul        		CODE           	16EB	0000	36

C:\Program Files (x86)\Microchip\xc8\v1.38\sources\common\Umul16.c estimated size: 36

ser.c
		_Drive         		CODE           	1734	0000	41
		_ser_init      		CODE           	1619	0000	16
		_ser_getch     		CODE           	1603	0000	11
		_ser_putch     		CODE           	160D	0000	13
		_getSensorData 		CODE           	1784	0000	63
		_DriveDirect   		CODE           	08BD	0000	142

ser.c estimated size: 286

C:\Program Files (x86)\Microchip\xc8\v1.38\sources\common\lwdiv.c
		___lwdiv       		CODE           	17C2	0000	63

C:\Program Files (x86)\Microchip\xc8\v1.38\sources\common\lwdiv.c estimated size: 63

C:\Program Files (x86)\Microchip\xc8\v1.38\sources\common\Umul8.c
		___bmul        		CODE           	1639	0000	20

C:\Program Files (x86)\Microchip\xc8\v1.38\sources\common\Umul8.c estimated size: 20

shared
		__stringtab    		STRING         	1000	0000	7
		__initialization		CODE           	0015	0000	84

shared estimated size: 91

ADC.c
		_ADCMain       		CODE           	1687	0000	22
		_getADC        		CODE           	0878	0000	70
		_setupADC      		CODE           	169C	0000	23

ADC.c estimated size: 115

SPI.c
		_spi_transfer  		CODE           	0800	0000	16
		_setupSPI      		CODE           	16B2	0000	26

SPI.c estimated size: 42

main.c
		_Drive1m       		CODE           	0B8A	0000	275
		_Turn90        		CODE           	09E5	0000	162
		_main          		CODE           	006C	0000	1414
		_TravelPath    		CODE           	05F1	0000	278
		_re_route      		CODE           	0706	0000	243
		_isr           		CODE           	170E	0000	39
		_PathTo        		CODE           	0C9C	0000	869
		_wallFollow    		CODE           	0A86	0000	261

main.c estimated size: 3541

LCD.c
		_setupLCD      		CODE           	080F	0000	42
		_lcdSetCursor  		CODE           	15FA	0000	10
		_lcdWriteControl		CODE           	165F	0000	21
		_lcdWriteData  		CODE           	164C	0000	20
		_lcdWriteToDigitBCD		CODE           	094A	0000	156
		_lcdWriteString		CODE           	16CB	0000	33

LCD.c estimated size: 282

